Modules list:
-------------
main.o:
    CODE              Offs=000000  Size=0000FA  Align=00001  Fill=0000
    RODATA            Offs=000000  Size=000082  Align=00001  Fill=0000
    BSS               Offs=000000  Size=000100  Align=00001  Fill=0000
scanner.o:
    CODE              Offs=0000FA  Size=0006E4  Align=00001  Fill=0000
    RODATA            Offs=000082  Size=00004D  Align=00001  Fill=0000
    BSS               Offs=000100  Size=000112  Align=00001  Fill=0000
debug.o:
    CODE              Offs=0007DE  Size=000660  Align=00001  Fill=0000
    RODATA            Offs=0000CF  Size=0001FE  Align=00001  Fill=0000
chunk.o:
    CODE              Offs=000E3E  Size=0001D1  Align=00001  Fill=0000
memory.o:
    CODE              Offs=00100F  Size=00003F  Align=00001  Fill=0000
value.o:
    CODE              Offs=00104E  Size=00014C  Align=00001  Fill=0000
    RODATA            Offs=0002CD  Size=000003  Align=00001  Fill=0000
vm.o:
    CODE              Offs=00119A  Size=000339  Align=00001  Fill=0000
    RODATA            Offs=0002D0  Size=000024  Align=00001  Fill=0000
    BSS               Offs=000212  Size=000206  Align=00001  Fill=0000
compiler.o:
    CODE              Offs=0014D3  Size=000849  Align=00001  Fill=0000
    RODATA            Offs=0002F4  Size=000147  Align=00001  Fill=0000
    BSS               Offs=000418  Size=00025A  Align=00001  Fill=0000
bank.o:
    CODE              Offs=001D1C  Size=000268  Align=00001  Fill=0000
    DATA              Offs=000000  Size=000002  Align=00001  Fill=0000
/Users/rje/git/cc65/lib/cx16.lib(_directerrno.o):
    CODE              Offs=001F84  Size=000009  Align=00001  Fill=0000
/Users/rje/git/cc65/lib/cx16.lib(_file.o):
    DATA              Offs=000002  Size=00001E  Align=00001  Fill=0000
/Users/rje/git/cc65/lib/cx16.lib(_heap.o):
    DATA              Offs=000020  Size=00000A  Align=00001  Fill=0000
    ONCE              Offs=000000  Size=000010  Align=00001  Fill=0000
/Users/rje/git/cc65/lib/cx16.lib(_hextab.o):
    RODATA            Offs=00043B  Size=000010  Align=00001  Fill=0000
/Users/rje/git/cc65/lib/cx16.lib(_longminstr.o):
    RODATA            Offs=00044B  Size=00000C  Align=00001  Fill=0000
/Users/rje/git/cc65/lib/cx16.lib(_mappederrno.o):
    CODE              Offs=001F8D  Size=00000F  Align=00001  Fill=0000
/Users/rje/git/cc65/lib/cx16.lib(_oserror.o):
    BSS               Offs=000672  Size=000001  Align=00001  Fill=0000
/Users/rje/git/cc65/lib/cx16.lib(_printf.o):
    CODE              Offs=001F9C  Size=0003A5  Align=00001  Fill=0000
    BSS               Offs=000673  Size=00002B  Align=00001  Fill=0000
    DATA              Offs=00002A  Size=000003  Align=00001  Fill=0000
/Users/rje/git/cc65/lib/cx16.lib(_seterrno.o):
    CODE              Offs=002341  Size=000009  Align=00001  Fill=0000
/Users/rje/git/cc65/lib/cx16.lib(add.o):
    CODE              Offs=00234A  Size=000018  Align=00001  Fill=0000
/Users/rje/git/cc65/lib/cx16.lib(addeqsp.o):
    CODE              Offs=002362  Size=000011  Align=00001  Fill=0000
/Users/rje/git/cc65/lib/cx16.lib(addysp.o):
    CODE              Offs=002373  Size=00000E  Align=00001  Fill=0000
/Users/rje/git/cc65/lib/cx16.lib(aslax1.o):
    CODE              Offs=002381  Size=000008  Align=00001  Fill=0000
/Users/rje/git/cc65/lib/cx16.lib(atoi.o):
    CODE              Offs=002389  Size=000096  Align=00001  Fill=0000
/Users/rje/git/cc65/lib/cx16.lib(axlong.o):
    CODE              Offs=00241F  Size=00000D  Align=00001  Fill=0000
/Users/rje/git/cc65/lib/cx16.lib(bneg.o):
    CODE              Offs=00242C  Size=00000E  Align=00001  Fill=0000
/Users/rje/git/cc65/lib/cx16.lib(c_bsout.o):
/Users/rje/git/cc65/lib/cx16.lib(callmain.o):
    CODE              Offs=00243A  Size=000017  Align=00001  Fill=0000
    DATA              Offs=00002D  Size=000004  Align=00001  Fill=0000
/Users/rje/git/cc65/lib/cx16.lib(condes.o):
    CODE              Offs=002451  Size=00000C  Align=00001  Fill=0000
    DATA              Offs=000031  Size=000025  Align=00001  Fill=0000
    ONCE              Offs=000010  Size=00000C  Align=00001  Fill=0000
/Users/rje/git/cc65/lib/cx16.lib(cputc.o):
    CODE              Offs=00245D  Size=00006E  Align=00001  Fill=0000
/Users/rje/git/cc65/lib/cx16.lib(cputs.o):
    CODE              Offs=0024CB  Size=000023  Align=00001  Fill=0000
/Users/rje/git/cc65/lib/cx16.lib(crt0.o):
    STARTUP           Offs=000000  Size=000028  Align=00001  Fill=0000
    ONCE              Offs=00001C  Size=000023  Align=00001  Fill=0000
    INIT              Offs=000000  Size=000002  Align=00001  Fill=0000
/Users/rje/git/cc65/lib/cx16.lib(ctype.o):
    RODATA            Offs=000457  Size=000100  Align=00001  Fill=0000
/Users/rje/git/cc65/lib/cx16.lib(decax1.o):
    CODE              Offs=0024EE  Size=000007  Align=00001  Fill=0000
/Users/rje/git/cc65/lib/cx16.lib(decax2.o):
    CODE              Offs=0024F5  Size=000007  Align=00001  Fill=0000
/Users/rje/git/cc65/lib/cx16.lib(decax4.o):
    CODE              Offs=0024FC  Size=000007  Align=00001  Fill=0000
/Users/rje/git/cc65/lib/cx16.lib(decsp1.o):
    CODE              Offs=002503  Size=000009  Align=00001  Fill=0000
/Users/rje/git/cc65/lib/cx16.lib(decsp2.o):
    CODE              Offs=00250C  Size=00000D  Align=00001  Fill=0000
/Users/rje/git/cc65/lib/cx16.lib(decsp3.o):
    CODE              Offs=002519  Size=00000D  Align=00001  Fill=0000
/Users/rje/git/cc65/lib/cx16.lib(decsp4.o):
    CODE              Offs=002526  Size=00000D  Align=00001  Fill=0000
/Users/rje/git/cc65/lib/cx16.lib(decsp6.o):
    CODE              Offs=002533  Size=00000D  Align=00001  Fill=0000
/Users/rje/git/cc65/lib/cx16.lib(div.o):
    CODE              Offs=002540  Size=000015  Align=00001  Fill=0000
/Users/rje/git/cc65/lib/cx16.lib(eq.o):
    CODE              Offs=002555  Size=00000A  Align=00001  Fill=0000
/Users/rje/git/cc65/lib/cx16.lib(errno.o):
    BSS               Offs=00069E  Size=000002  Align=00001  Fill=0000
/Users/rje/git/cc65/lib/cx16.lib(exehdr.o):
    EXEHDR            Offs=000000  Size=00000C  Align=00001  Fill=0000
/Users/rje/git/cc65/lib/cx16.lib(fgetc.o):
    CODE              Offs=00255F  Size=000084  Align=00001  Fill=0000
/Users/rje/git/cc65/lib/cx16.lib(fgets.o):
    CODE              Offs=0025E3  Size=0000AA  Align=00001  Fill=0000
/Users/rje/git/cc65/lib/cx16.lib(filedes.o):
    CODE              Offs=00268D  Size=00000E  Align=00001  Fill=0000
    DATA              Offs=000056  Size=000010  Align=00001  Fill=0000
/Users/rje/git/cc65/lib/cx16.lib(fprintf.o):
    CODE              Offs=00269B  Size=00002B  Align=00001  Fill=0000
    BSS               Offs=0006A0  Size=000001  Align=00001  Fill=0000
/Users/rje/git/cc65/lib/cx16.lib(free.o):
    CODE              Offs=0026C6  Size=0001D3  Align=00001  Fill=0000
/Users/rje/git/cc65/lib/cx16.lib(fwrite.o):
    CODE              Offs=002899  Size=00007B  Align=00001  Fill=0000
    BSS               Offs=0006A1  Size=000002  Align=00001  Fill=0000
/Users/rje/git/cc65/lib/cx16.lib(gotoxy.o):
    CODE              Offs=002914  Size=00000F  Align=00001  Fill=0000
/Users/rje/git/cc65/lib/cx16.lib(icmp.o):
    CODE              Offs=002923  Size=00002E  Align=00001  Fill=0000
/Users/rje/git/cc65/lib/cx16.lib(incax2.o):
    CODE              Offs=002951  Size=000007  Align=00001  Fill=0000
/Users/rje/git/cc65/lib/cx16.lib(incax6.o):
    CODE              Offs=002958  Size=000005  Align=00001  Fill=0000
/Users/rje/git/cc65/lib/cx16.lib(incaxy.o):
    CODE              Offs=00295D  Size=00000B  Align=00001  Fill=0000
/Users/rje/git/cc65/lib/cx16.lib(incsp1.o):
    CODE              Offs=002968  Size=000007  Align=00001  Fill=0000
/Users/rje/git/cc65/lib/cx16.lib(incsp2.o):
    CODE              Offs=00296F  Size=000015  Align=00001  Fill=0000
/Users/rje/git/cc65/lib/cx16.lib(incsp3.o):
    CODE              Offs=002984  Size=000005  Align=00001  Fill=0000
/Users/rje/git/cc65/lib/cx16.lib(incsp4.o):
    CODE              Offs=002989  Size=000005  Align=00001  Fill=0000
/Users/rje/git/cc65/lib/cx16.lib(incsp5.o):
    CODE              Offs=00298E  Size=000005  Align=00001  Fill=0000
/Users/rje/git/cc65/lib/cx16.lib(incsp6.o):
    CODE              Offs=002993  Size=000005  Align=00001  Fill=0000
/Users/rje/git/cc65/lib/cx16.lib(incsp7.o):
    CODE              Offs=002998  Size=000005  Align=00001  Fill=0000
/Users/rje/git/cc65/lib/cx16.lib(incsp8.o):
    CODE              Offs=00299D  Size=000005  Align=00001  Fill=0000
/Users/rje/git/cc65/lib/cx16.lib(isalnum.o):
    CODE              Offs=0029A2  Size=00000F  Align=00001  Fill=0000
/Users/rje/git/cc65/lib/cx16.lib(isalpha.o):
    CODE              Offs=0029B1  Size=00000F  Align=00001  Fill=0000
/Users/rje/git/cc65/lib/cx16.lib(isdigit.o):
    CODE              Offs=0029C0  Size=00000F  Align=00001  Fill=0000
/Users/rje/git/cc65/lib/cx16.lib(jmpvec.o):
    DATA              Offs=000066  Size=000003  Align=00001  Fill=0000
/Users/rje/git/cc65/lib/cx16.lib(kernal.o):
/Users/rje/git/cc65/lib/cx16.lib(ldaxi.o):
    CODE              Offs=0029CF  Size=00000D  Align=00001  Fill=0000
/Users/rje/git/cc65/lib/cx16.lib(ldaxsp.o):
    CODE              Offs=0029DC  Size=000009  Align=00001  Fill=0000
/Users/rje/git/cc65/lib/cx16.lib(leaaxsp.o):
    CODE              Offs=0029E5  Size=00000C  Align=00001  Fill=0000
/Users/rje/git/cc65/lib/cx16.lib(lneg.o):
    CODE              Offs=0029F1  Size=00001E  Align=00001  Fill=0000
/Users/rje/git/cc65/lib/cx16.lib(loadaddr.o):
    LOADADDR          Offs=000000  Size=000002  Align=00001  Fill=0000
/Users/rje/git/cc65/lib/cx16.lib(lpush.o):
    CODE              Offs=002A0F  Size=00001E  Align=00001  Fill=0000
/Users/rje/git/cc65/lib/cx16.lib(ltoa.o):
    CODE              Offs=002A2D  Size=000093  Align=00001  Fill=0000
/Users/rje/git/cc65/lib/cx16.lib(makebool.o):
    CODE              Offs=002AC0  Size=00002C  Align=00001  Fill=0000
/Users/rje/git/cc65/lib/cx16.lib(malloc.o):
    CODE              Offs=002AEC  Size=00010E  Align=00001  Fill=0000
/Users/rje/git/cc65/lib/cx16.lib(memcpy.o):
    CODE              Offs=002BFA  Size=00003C  Align=00001  Fill=0000
/Users/rje/git/cc65/lib/cx16.lib(mod.o):
    CODE              Offs=002C36  Size=000011  Align=00001  Fill=0000
/Users/rje/git/cc65/lib/cx16.lib(mul.o):
    CODE              Offs=002C47  Size=000045  Align=00001  Fill=0000
/Users/rje/git/cc65/lib/cx16.lib(mul8.o):
    CODE              Offs=002C8C  Size=00003A  Align=00001  Fill=0000
/Users/rje/git/cc65/lib/cx16.lib(negabs.o):
    CODE              Offs=002CC6  Size=000012  Align=00001  Fill=0000
/Users/rje/git/cc65/lib/cx16.lib(oserror.o):
    CODE              Offs=002CD8  Size=000016  Align=00001  Fill=0000
    RODATA            Offs=000557  Size=00005A  Align=00001  Fill=0000
/Users/rje/git/cc65/lib/cx16.lib(popa.o):
    CODE              Offs=002CEE  Size=00000A  Align=00001  Fill=0000
/Users/rje/git/cc65/lib/cx16.lib(popptr1.o):
    CODE              Offs=002CF8  Size=00000E  Align=00001  Fill=0000
/Users/rje/git/cc65/lib/cx16.lib(printf.o):
    CODE              Offs=002D06  Size=000033  Align=00001  Fill=0000
    BSS               Offs=0006A3  Size=000001  Align=00001  Fill=0000
/Users/rje/git/cc65/lib/cx16.lib(push1.o):
    CODE              Offs=002D39  Size=000005  Align=00001  Fill=0000
/Users/rje/git/cc65/lib/cx16.lib(pusha.o):
    CODE              Offs=002D3E  Size=000016  Align=00001  Fill=0000
/Users/rje/git/cc65/lib/cx16.lib(pushax.o):
    CODE              Offs=002D54  Size=00001A  Align=00001  Fill=0000
/Users/rje/git/cc65/lib/cx16.lib(pushw.o):
    CODE              Offs=002D6E  Size=00000F  Align=00001  Fill=0000
/Users/rje/git/cc65/lib/cx16.lib(pushwsp.o):
    CODE              Offs=002D7D  Size=00001C  Align=00001  Fill=0000
/Users/rje/git/cc65/lib/cx16.lib(puts.o):
    CODE              Offs=002D99  Size=000065  Align=00001  Fill=0000
    DATA              Offs=000069  Size=000001  Align=00001  Fill=0000
/Users/rje/git/cc65/lib/cx16.lib(read.o):
    CODE              Offs=002DFE  Size=00007E  Align=00001  Fill=0000
    BSS               Offs=0006A4  Size=000001  Align=00001  Fill=0000
    ONCE              Offs=00003F  Size=00000C  Align=00001  Fill=0000
/Users/rje/git/cc65/lib/cx16.lib(realloc.o):
    CODE              Offs=002E7C  Size=00013F  Align=00001  Fill=0000
/Users/rje/git/cc65/lib/cx16.lib(regswap2.o):
    CODE              Offs=002FBB  Size=000016  Align=00001  Fill=0000
/Users/rje/git/cc65/lib/cx16.lib(rwcommon.o):
    CODE              Offs=002FD1  Size=00001C  Align=00001  Fill=0000
/Users/rje/git/cc65/lib/cx16.lib(shelp.o):
    CODE              Offs=002FED  Size=000020  Align=00001  Fill=0000
/Users/rje/git/cc65/lib/cx16.lib(staspidx.o):
    CODE              Offs=00300D  Size=000016  Align=00001  Fill=0000
/Users/rje/git/cc65/lib/cx16.lib(staxsp.o):
    CODE              Offs=003023  Size=00000B  Align=00001  Fill=0000
/Users/rje/git/cc65/lib/cx16.lib(staxspi.o):
    CODE              Offs=00302E  Size=00001A  Align=00001  Fill=0000
/Users/rje/git/cc65/lib/cx16.lib(strcmp.o):
    CODE              Offs=003048  Size=000021  Align=00001  Fill=0000
/Users/rje/git/cc65/lib/cx16.lib(strlen.o):
    CODE              Offs=003069  Size=000016  Align=00001  Fill=0000
/Users/rje/git/cc65/lib/cx16.lib(strlower.o):
    CODE              Offs=00307F  Size=000028  Align=00001  Fill=0000
/Users/rje/git/cc65/lib/cx16.lib(sub.o):
    CODE              Offs=0030A7  Size=000014  Align=00001  Fill=0000
/Users/rje/git/cc65/lib/cx16.lib(subeqsp.o):
    CODE              Offs=0030BB  Size=000015  Align=00001  Fill=0000
/Users/rje/git/cc65/lib/cx16.lib(subysp.o):
    CODE              Offs=0030D0  Size=00000D  Align=00001  Fill=0000
/Users/rje/git/cc65/lib/cx16.lib(udiv.o):
    CODE              Offs=0030DD  Size=00004F  Align=00001  Fill=0000
/Users/rje/git/cc65/lib/cx16.lib(vfprintf.o):
    CODE              Offs=00312C  Size=000060  Align=00001  Fill=0000
    DATA              Offs=00006A  Size=000008  Align=00001  Fill=0000
/Users/rje/git/cc65/lib/cx16.lib(write.o):
    CODE              Offs=00318C  Size=000054  Align=00001  Fill=0000
    ONCE              Offs=00004B  Size=000011  Align=00001  Fill=0000
/Users/rje/git/cc65/lib/cx16.lib(zerobss.o):
    CODE              Offs=0031E0  Size=000023  Align=00001  Fill=0000
/Users/rje/git/cc65/lib/cx16.lib(zeropage.o):
    ZEROPAGE          Offs=000000  Size=00001A  Align=00001  Fill=0000


Segment list:
-------------
Name                   Start     End    Size  Align
----------------------------------------------------
ZEROPAGE              000022  00003B  00001A  00001
LOADADDR              0007FF  000800  000002  00001
EXEHDR                000801  00080C  00000C  00001
STARTUP               00080D  000834  000028  00001
CODE                  000835  003A37  003203  00001
RODATA                003A38  003FE8  0005B1  00001
DATA                  003FE9  00405A  000072  00001
INIT                  00405B  00405C  000002  00001
BSS                   00405D  004701  0006A5  00001
ONCE                  00405D  0040BE  000062  00001


Exports list by name:
---------------------
BASIN                     00FFCF RLA    BSOUT                     00FFD2 RLA    
CHKIN                     00FFC6 RLA    CHROUT                    00FFD2 RLA    
CKOUT                     00FFC9 RLA    CLRCH                     00FFCC RLA    
OPEN                      00FFC0 RLA    PLOT                      00FFF0 RLA    
READST                    00FFB7 RLA    SETLFS                    00FFBA RLA    
__BSS_RUN__               00405D RLA    __BSS_SIZE__              0006A5 REA    
__CONSTRUCTOR_COUNT__     000003 REA    __CONSTRUCTOR_TABLE__     0040B9 RLA    
__DESTRUCTOR_COUNT__      000000 REA    __DESTRUCTOR_TABLE__      003FE9 RLA    
__EXEHDR__                000001 REA    __HEADER_LAST__           00080D RLA    
__HIMEM__                 009F00 REA    __LOADADDR__              000001 REA    
__MAIN_SIZE__             0096F3 REA    __MAIN_START__            00080D RLA    
__ONCE_RUN__              00405D RLA    __STACKSIZE__             000800 REA    
__STARTUP__               000001 REA    __ctype                   003E8F RLA    
__directerrno             0027B9 RLA    __errno                   0046FB RLA    
__heapend                 00400D RLA    __heapfirst               00400F RLA    
__heaplast                004011 RLA    __heapptr                 00400B RLA    
__hextab                  003E73 RLA    __longminstr              003E83 RLA    
__mappederrno             0027C2 RLA    __oserror                 0046CF RLA    
__osmaperrno              00350D RLA    __printf                  0028C4 RLA    
__seterrno                002B76 RLA    _addConstant              001819 RLA    
_atoi                     002BBE RLA    _bankgetbyte              00276E RLA    
_bankgetint               002787 RLA    _bankgets                 002587 RLA    
_bankputbyte              002726 RLA    _bankputint               002740 RLA    
_bankputs                 00260C RLA    _beek                     002676 RLA    
_beeknext                 00268F RLA    _cbm_k_bsout              00FFD2 REA    
_compile                  001D08 RLA    _cputc                    002C97 RLA    
_cputs                    002D0A RLA    _debugPrecedence          001355 RLA    
_debugToken               001169 RLA    _disassembleChunk         0013DB RLA    
_disassembleInstruction   00141D RLA    _exit                     00081A RLA    
_fgetc                    002D94 RLA    _fgets                    002E18 RLA    
_fprintf                  002ED0 RLA    _free                     002EFB RLA    
_freeChunk                0016BA RLA    _freeVM                   0019D2 RLA    
_freeValueArray           00198A RLA    _fwrite                   0030CE RLA    
_initChunk                001673 RLA    _initVM                   0019CF RLA    
_initValueArray           001883 RLA    _interpret                0019F0 RLA    
_interpretChunk           0019D3 RLA    _isalnum                  0031D7 RLA    
_isalpha                  0031E6 RLA    _isdigit                  0031F5 RLA    
_ltoa                     00327A RLA    _main                     0008D4 RLA    
_malloc                   003321 RLA    _memcmpBank               00269F RLA    
_memcpy                   00342F RLA    _printValue               0019B8 RLA    
_printf                   00353B RLA    _puts                     0035CE RLA    
_read                     003633 RLA    _realloc                  0036B1 RLA    
_reallocate               001844 RLA    _scanAll                  000B16 RLA    
_setBank                  002551 RLA    _stderr                   004007 RLA    
_stdin                    004003 RLA    _stdout                   004005 RLA    
_strcmp                   00387D RLA    _strlen                   00389E RLA    
_strlower                 0038B4 RLA    _ultoa                    0032B9 RLA    
_vfprintf                 003998 RLA    _write                    0039C1 RLA    
_writeChunk               001709 RLA    _writeValueArray          0018B1 RLA    
addeq0sp                  002B97 RLA    addeqysp                  002B99 RLA    
addysp                    002BA9 RLA    addysp1                   002BA8 RLA    
aslax1                    002BB6 RLA    axlong                    002C54 RLA    
axulong                   002C5A RLA    bnega                     002C65 RLA    
booleq                    0032FB RLA    callmain                  002C6F RLA    
decax1                    002D23 RLA    decax2                    002D2A RLA    
decax4                    002D31 RLA    decsp1                    002D38 RLA    
decsp2                    002D41 RLA    decsp3                    002D4E RLA    
decsp4                    002D5B RLA    decsp6                    002D68 RLA    
donelib                   002C86 RLA    fdtab                     00403F RLA    
gotoxy                    003149 RLA    incax2                    003186 RLA    
incax6                    00318D RLA    incaxy                    003194 RLA    
incsp1                    00319D RLA    incsp2                    0031AB RLA    
incsp3                    0031B9 RLA    incsp4                    0031BE RLA    
incsp5                    0031C3 RLA    incsp6                    0031C8 RLA    
incsp7                    0031CD RLA    incsp8                    0031D2 RLA    
initheap                  00405D  LAI   initlib                   00406D RLA    
initstdin                 00409C  LAI   initstdout                0040A8  LAI   
jmpvec                    00404F RLA    ldax0sp                   003211 RLA    
ldaxi                     003204 RLA    ldaxidx                   003206 RLA    
ldaxysp                   003213 RLA    leaa0sp                   00321A RLA    
mul8x16                   0034C3 RLA    mul8x16a                  0034CD RLA    
negax                     0034FF RLA    negeax                    003226 RLA    
plot                      002CD2 RLA    popa                      003523 RLA    
popax                     0031A4 RLA    popptr1                   00352D RLA    
popsargsudiv16            003822 RLA    ptr1                      00002A RLZ    
ptr2                      00002C RLZ    ptr3                      00002E RLZ    
ptr4                      000030 RLZ    push0                     003589 RLA    
push1                     00356E RLA    pusha                     003577 RLA    
pusha0                    00358B RLA    pushax                    00358D RLA    
pusheax                   00324B RLA    pushw                     0035A3 RLA    
pushw0sp                  0035B2 RLA    pushwidx                  0035A5 RLA    
pushwysp                  0035B4 RLA    regbank                   000036 RLZ    
regsave                   000026 RLZ    regswap2                  0037F0 RLA    
rwcommon                  003806 RLA    shlax1                    002BB6 RLA    
sp                        000022 RLZ    sreg                      000024 RLZ    
staspidx                  003842 RLA    stax0sp                   003858 RLA    
staxspidx                 003863 RLA    staxysp                   00385A RLA    
subeq0sp                  0038F0 RLA    subeqysp                  0038F2 RLA    
subysp                    003905 RLA    tmp1                      000032 RLZ    
tmp2                      000033 RLZ    tmp3                      000034 RLZ    
tosadda0                  002B7F RLA    tosaddax                  002B81 RLA    
tosdivax                  002D77 RLA    toseqax                   002D8E RLA    
tosicmp                   00315A RLA    tosicmp0                  003158 RLA    
tosmoda0                  00346B RLA    tosmulax                  00347C RLA    
tossubax                  0038DE RLA    tosudivax                 003914 RLA    
tosumulax                 00347C RLA    udiv16                    003923 RLA    
unittab                   004047 RLA    zerobss                   003A15 RLA    



Exports list by value:
----------------------
__DESTRUCTOR_COUNT__      000000 REA    __STARTUP__               000001 REA    
__EXEHDR__                000001 REA    __LOADADDR__              000001 REA    
__CONSTRUCTOR_COUNT__     000003 REA    sp                        000022 RLZ    
sreg                      000024 RLZ    regsave                   000026 RLZ    
ptr1                      00002A RLZ    ptr2                      00002C RLZ    
ptr3                      00002E RLZ    ptr4                      000030 RLZ    
tmp1                      000032 RLZ    tmp2                      000033 RLZ    
tmp3                      000034 RLZ    regbank                   000036 RLZ    
__BSS_SIZE__              0006A5 REA    __STACKSIZE__             000800 REA    
__HEADER_LAST__           00080D RLA    __MAIN_START__            00080D RLA    
_exit                     00081A RLA    _main                     0008D4 RLA    
_scanAll                  000B16 RLA    _debugToken               001169 RLA    
_debugPrecedence          001355 RLA    _disassembleChunk         0013DB RLA    
_disassembleInstruction   00141D RLA    _initChunk                001673 RLA    
_freeChunk                0016BA RLA    _writeChunk               001709 RLA    
_addConstant              001819 RLA    _reallocate               001844 RLA    
_initValueArray           001883 RLA    _writeValueArray          0018B1 RLA    
_freeValueArray           00198A RLA    _printValue               0019B8 RLA    
_initVM                   0019CF RLA    _freeVM                   0019D2 RLA    
_interpretChunk           0019D3 RLA    _interpret                0019F0 RLA    
_compile                  001D08 RLA    _setBank                  002551 RLA    
_bankgets                 002587 RLA    _bankputs                 00260C RLA    
_beek                     002676 RLA    _beeknext                 00268F RLA    
_memcmpBank               00269F RLA    _bankputbyte              002726 RLA    
_bankputint               002740 RLA    _bankgetbyte              00276E RLA    
_bankgetint               002787 RLA    __directerrno             0027B9 RLA    
__mappederrno             0027C2 RLA    __printf                  0028C4 RLA    
__seterrno                002B76 RLA    tosadda0                  002B7F RLA    
tosaddax                  002B81 RLA    addeq0sp                  002B97 RLA    
addeqysp                  002B99 RLA    addysp1                   002BA8 RLA    
addysp                    002BA9 RLA    aslax1                    002BB6 RLA    
shlax1                    002BB6 RLA    _atoi                     002BBE RLA    
axlong                    002C54 RLA    axulong                   002C5A RLA    
bnega                     002C65 RLA    callmain                  002C6F RLA    
donelib                   002C86 RLA    _cputc                    002C97 RLA    
plot                      002CD2 RLA    _cputs                    002D0A RLA    
decax1                    002D23 RLA    decax2                    002D2A RLA    
decax4                    002D31 RLA    decsp1                    002D38 RLA    
decsp2                    002D41 RLA    decsp3                    002D4E RLA    
decsp4                    002D5B RLA    decsp6                    002D68 RLA    
tosdivax                  002D77 RLA    toseqax                   002D8E RLA    
_fgetc                    002D94 RLA    _fgets                    002E18 RLA    
_fprintf                  002ED0 RLA    _free                     002EFB RLA    
_fwrite                   0030CE RLA    gotoxy                    003149 RLA    
tosicmp0                  003158 RLA    tosicmp                   00315A RLA    
incax2                    003186 RLA    incax6                    00318D RLA    
incaxy                    003194 RLA    incsp1                    00319D RLA    
popax                     0031A4 RLA    incsp2                    0031AB RLA    
incsp3                    0031B9 RLA    incsp4                    0031BE RLA    
incsp5                    0031C3 RLA    incsp6                    0031C8 RLA    
incsp7                    0031CD RLA    incsp8                    0031D2 RLA    
_isalnum                  0031D7 RLA    _isalpha                  0031E6 RLA    
_isdigit                  0031F5 RLA    ldaxi                     003204 RLA    
ldaxidx                   003206 RLA    ldax0sp                   003211 RLA    
ldaxysp                   003213 RLA    leaa0sp                   00321A RLA    
negeax                    003226 RLA    pusheax                   00324B RLA    
_ltoa                     00327A RLA    _ultoa                    0032B9 RLA    
booleq                    0032FB RLA    _malloc                   003321 RLA    
_memcpy                   00342F RLA    tosmoda0                  00346B RLA    
tosmulax                  00347C RLA    tosumulax                 00347C RLA    
mul8x16                   0034C3 RLA    mul8x16a                  0034CD RLA    
negax                     0034FF RLA    __osmaperrno              00350D RLA    
popa                      003523 RLA    popptr1                   00352D RLA    
_printf                   00353B RLA    push1                     00356E RLA    
pusha                     003577 RLA    push0                     003589 RLA    
pusha0                    00358B RLA    pushax                    00358D RLA    
pushw                     0035A3 RLA    pushwidx                  0035A5 RLA    
pushw0sp                  0035B2 RLA    pushwysp                  0035B4 RLA    
_puts                     0035CE RLA    _read                     003633 RLA    
_realloc                  0036B1 RLA    regswap2                  0037F0 RLA    
rwcommon                  003806 RLA    popsargsudiv16            003822 RLA    
staspidx                  003842 RLA    stax0sp                   003858 RLA    
staxysp                   00385A RLA    staxspidx                 003863 RLA    
_strcmp                   00387D RLA    _strlen                   00389E RLA    
_strlower                 0038B4 RLA    tossubax                  0038DE RLA    
subeq0sp                  0038F0 RLA    subeqysp                  0038F2 RLA    
subysp                    003905 RLA    tosudivax                 003914 RLA    
udiv16                    003923 RLA    _vfprintf                 003998 RLA    
_write                    0039C1 RLA    zerobss                   003A15 RLA    
__hextab                  003E73 RLA    __longminstr              003E83 RLA    
__ctype                   003E8F RLA    __DESTRUCTOR_TABLE__      003FE9 RLA    
_stdin                    004003 RLA    _stdout                   004005 RLA    
_stderr                   004007 RLA    __heapptr                 00400B RLA    
__heapend                 00400D RLA    __heapfirst               00400F RLA    
__heaplast                004011 RLA    fdtab                     00403F RLA    
unittab                   004047 RLA    jmpvec                    00404F RLA    
__BSS_RUN__               00405D RLA    initheap                  00405D  LAI   
__ONCE_RUN__              00405D RLA    initlib                   00406D RLA    
initstdin                 00409C  LAI   initstdout                0040A8  LAI   
__CONSTRUCTOR_TABLE__     0040B9 RLA    __oserror                 0046CF RLA    
__errno                   0046FB RLA    __MAIN_SIZE__             0096F3 REA    
__HIMEM__                 009F00 REA    READST                    00FFB7 RLA    
SETLFS                    00FFBA RLA    OPEN                      00FFC0 RLA    
CHKIN                     00FFC6 RLA    CKOUT                     00FFC9 RLA    
CLRCH                     00FFCC RLA    BASIN                     00FFCF RLA    
BSOUT                     00FFD2 RLA    CHROUT                    00FFD2 RLA    
_cbm_k_bsout              00FFD2 REA    PLOT                      00FFF0 RLA    



Imports list:
-------------
BASIN (kernal.o):
    read.o                    cbm/cbm.inc(47)
BSOUT (kernal.o):
    read.o                    cbm/cbm.inc(49)
    write.o                   cbm/cbm.inc(49)
    c_bsout.o                 cbm/cbm.inc(49)
CHKIN (kernal.o):
    read.o                    cbm/cbm.inc(44)
CHROUT (kernal.o):
    crt0.o                    cx16/crt0.s(10)
CKOUT (kernal.o):
    write.o                   cbm/cbm.inc(45)
CLRCH (kernal.o):
    read.o                    cbm/cbm.inc(46)
    write.o                   cbm/cbm.inc(46)
OPEN (kernal.o):
    read.o                    cbm/cbm.inc(35)
    write.o                   cbm/cbm.inc(35)
PLOT (kernal.o):
    cputc.o                   cx16/cputc.s(11)
READST (kernal.o):
    read.o                    cbm/cbm.inc(32)
    write.o                   cbm/cbm.inc(32)
SETLFS (kernal.o):
    read.o                    cbm/cbm.inc(33)
    write.o                   cbm/cbm.inc(33)
__BSS_RUN__ ([linker generated]):
    _heap.o                   common/_heap.s(8)
    zerobss.o                 common/zerobss.s(8)
__BSS_SIZE__ ([linker generated]):
    _heap.o                   common/_heap.s(8)
    zerobss.o                 common/zerobss.s(8)
__CONSTRUCTOR_COUNT__ ([linker generated]):
    condes.o                  runtime/condes.s(18)
__CONSTRUCTOR_TABLE__ ([linker generated]):
    condes.o                  runtime/condes.s(18)
__DESTRUCTOR_COUNT__ ([linker generated]):
    condes.o                  runtime/condes.s(19)
__DESTRUCTOR_TABLE__ ([linker generated]):
    condes.o                  runtime/condes.s(19)
__EXEHDR__ (exehdr.o):
    [linker generated]        /Users/rje/git/cc65/cfg/cx16.cfg(6)
__HEADER_LAST__ ([linker generated]):
    [linker generated]        /Users/rje/git/cc65/cfg/cx16.cfg(14)
    [linker generated]        /Users/rje/git/cc65/cfg/cx16.cfg(14)
__HIMEM__ ([linker generated]):
    [linker generated]        /Users/rje/git/cc65/cfg/cx16.cfg(15)
    [linker generated]        /Users/rje/git/cc65/cfg/cx16.cfg(14)
__LOADADDR__ (loadaddr.o):
    [linker generated]        /Users/rje/git/cc65/cfg/cx16.cfg(5)
__MAIN_SIZE__ ([linker generated]):
    crt0.o                    cx16/crt0.s(11)
__MAIN_START__ ([linker generated]):
    crt0.o                    cx16/crt0.s(11)
__ONCE_RUN__ ([linker generated]):
    [linker generated]        /Users/rje/git/cc65/cfg/cx16.cfg(15)
    [linker generated]        /Users/rje/git/cc65/cfg/cx16.cfg(15)
__STACKSIZE__ ([linker generated]):
    _heap.o                   common/_heap.s(8)
    [linker generated]        /Users/rje/git/cc65/cfg/cx16.cfg(15)
__STARTUP__ (crt0.o):
    main.o                    main.s(13)
__ctype (ctype.o):
    strlower.o                common/strlower.s(13)
    isdigit.o                 /Users/rje/git/cc65/asminc/ctype.inc(9)
    isalpha.o                 /Users/rje/git/cc65/asminc/ctype.inc(9)
    isalnum.o                 /Users/rje/git/cc65/asminc/ctype.inc(9)
    atoi.o                    common/atoi.s(9)
__directerrno (_directerrno.o):
    read.o                    /Users/rje/git/cc65/asminc/errno.inc(10)
    write.o                   /Users/rje/git/cc65/asminc/errno.inc(10)
__errno (errno.o):
    _seterrno.o               /Users/rje/git/cc65/asminc/errno.inc(7)
__heapend (_heap.o):
    malloc.o                  /Users/rje/git/cc65/asminc/_heap.inc(33)
    realloc.o                 ../libwrk/cx16/realloc.s(18)
__heapfirst (_heap.o):
    malloc.o                  /Users/rje/git/cc65/asminc/_heap.inc(34)
    free.o                    /Users/rje/git/cc65/asminc/_heap.inc(34)
__heaplast (_heap.o):
    malloc.o                  /Users/rje/git/cc65/asminc/_heap.inc(35)
    free.o                    /Users/rje/git/cc65/asminc/_heap.inc(35)
__heapptr (_heap.o):
    malloc.o                  /Users/rje/git/cc65/asminc/_heap.inc(32)
    realloc.o                 ../libwrk/cx16/realloc.s(17)
    free.o                    /Users/rje/git/cc65/asminc/_heap.inc(32)
__hextab (_hextab.o):
    ltoa.o                    common/ltoa.s(10)
__longminstr (_longminstr.o):
    ltoa.o                    common/ltoa.s(10)
__mappederrno (_mappederrno.o):
    read.o                    /Users/rje/git/cc65/asminc/errno.inc(10)
    write.o                   /Users/rje/git/cc65/asminc/errno.inc(10)
__oserror (_oserror.o):
    read.o                    /Users/rje/git/cc65/asminc/errno.inc(7)
    _mappederrno.o            /Users/rje/git/cc65/asminc/errno.inc(7)
    _directerrno.o            /Users/rje/git/cc65/asminc/errno.inc(7)
    write.o                   /Users/rje/git/cc65/asminc/errno.inc(7)
__osmaperrno (oserror.o):
    _mappederrno.o            /Users/rje/git/cc65/asminc/errno.inc(8)
__printf (_printf.o):
    vfprintf.o                common/vfprintf.s(10)
__seterrno (_seterrno.o):
    fwrite.o                  /Users/rje/git/cc65/asminc/errno.inc(9)
    _mappederrno.o            /Users/rje/git/cc65/asminc/errno.inc(9)
    _directerrno.o            /Users/rje/git/cc65/asminc/errno.inc(9)
    fgets.o                   ../libwrk/cx16/fgets.s(15)
_addConstant (chunk.o):
    compiler.o                compiler.s(18)
    debug.o                   debug.s(18)
_atoi (atoi.o):
    compiler.o                compiler.s(16)
_bankgetbyte (bank.o):
    compiler.o                compiler.s(23)
_bankgetint (bank.o):
    compiler.o                compiler.s(24)
_bankgets (bank.o):
    compiler.o                compiler.s(22)
    scanner.o                 scanner.s(22)
_bankputbyte (bank.o):
    scanner.o                 scanner.s(23)
_bankputint (bank.o):
    scanner.o                 scanner.s(24)
_bankputs (bank.o):
    main.o                    main.s(27)
_beek (bank.o):
    compiler.o                compiler.s(25)
    scanner.o                 scanner.s(25)
_beeknext (bank.o):
    scanner.o                 scanner.s(26)
_cbm_k_bsout (c_bsout.o):
    main.o                    main.s(21)
_compile (compiler.o):
    vm.o                      vm.s(24)
_cputc (cputc.o):
    cputs.o                   conio/cputs.s(9)
_cputs (cputs.o):
    main.o                    main.s(22)
_debugPrecedence (debug.o):
    compiler.o                compiler.s(27)
_debugToken (debug.o):
    compiler.o                compiler.s(26)
    scanner.o                 scanner.s(28)
_disassembleChunk (debug.o):
    compiler.o                compiler.s(28)
_disassembleInstruction (debug.o):
    vm.o                      vm.s(25)
_exit (crt0.o):
    memory.o                  memory.s(15)
    main.o                    main.s(18)
_fgetc (fgetc.o):
    fgets.o                   ../libwrk/cx16/fgets.s(13)
_fgets (fgets.o):
    main.o                    main.s(15)
_fprintf (fprintf.o):
    compiler.o                compiler.s(14)
_free (free.o):
    realloc.o                 ../libwrk/cx16/realloc.s(15)
    memory.o                  memory.s(14)
_freeChunk (chunk.o):
    vm.o                      vm.s(17)
    debug.o                   debug.s(16)
_freeVM (vm.o):
    debug.o                   debug.s(25)
    main.o                    main.s(24)
_freeValueArray (value.o):
    chunk.o                   chunk.s(16)
_fwrite (fwrite.o):
    vfprintf.o                common/vfprintf.s(10)
_initChunk (chunk.o):
    vm.o                      vm.s(16)
    debug.o                   debug.s(15)
_initVM (vm.o):
    debug.o                   debug.s(24)
    main.o                    main.s(23)
_initValueArray (value.o):
    chunk.o                   chunk.s(14)
_interpret (vm.o):
    main.o                    main.s(25)
_interpretChunk (vm.o):
    debug.o                   debug.s(26)
_isalnum (isalnum.o):
    scanner.o                 scanner.s(15)
_isalpha (isalpha.o):
    scanner.o                 scanner.s(16)
_isdigit (isdigit.o):
    scanner.o                 scanner.s(17)
_ltoa (ltoa.o):
    _printf.o                 common/_printf.s(12)
_main (main.o):
    callmain.o                runtime/callmain.s(11)
_malloc (malloc.o):
    realloc.o                 ../libwrk/cx16/realloc.s(13)
_memcmpBank (bank.o):
    scanner.o                 scanner.s(27)
_memcpy (memcpy.o):
    realloc.o                 ../libwrk/cx16/realloc.s(16)
    compiler.o                compiler.s(1317)
_printValue (value.o):
    vm.o                      vm.s(15)
    debug.o                   debug.s(14)
_printf (printf.o):
    compiler.o                compiler.s(15)
    vm.o                      vm.s(13)
    value.o                   value.s(13)
    debug.o                   debug.s(13)
    scanner.o                 scanner.s(13)
    main.o                    main.s(16)
_puts (puts.o):
    vm.o                      vm.s(14)
    scanner.o                 scanner.s(14)
    main.o                    main.s(17)
_read (read.o):
    fgetc.o                   ../libwrk/cx16/fgetc.s(14)
_realloc (realloc.o):
    memory.o                  memory.s(13)
_reallocate (memory.o):
    value.o                   value.s(14)
    chunk.o                   chunk.s(13)
_scanAll (scanner.o):
    compiler.o                compiler.s(20)
_setBank (bank.o):
    compiler.o                compiler.s(21)
    scanner.o                 scanner.s(21)
    main.o                    main.s(26)
_stderr (_file.o):
    compiler.o                compiler.s(13)
_stdin (_file.o):
    main.o                    main.s(14)
_stdout (_file.o):
    puts.o                    ../libwrk/cx16/puts.s(13)
    printf.o                  common/printf.s(8)
_strcmp (strcmp.o):
    main.o                    main.s(19)
_strlen (strlen.o):
    _printf.o                 common/_printf.s(13)
    puts.o                    ../libwrk/cx16/puts.s(15)
    main.o                    main.s(20)
_strlower (strlower.o):
    _printf.o                 common/_printf.s(13)
_ultoa (ltoa.o):
    _printf.o                 common/_printf.s(12)
_vfprintf (vfprintf.o):
    printf.o                  common/printf.s(8)
    fprintf.o                 common/fprintf.s(8)
_write (write.o):
    fwrite.o                  common/fwrite.s(10)
    puts.o                    ../libwrk/cx16/puts.s(16)
_writeChunk (chunk.o):
    compiler.o                compiler.s(17)
    debug.o                   debug.s(17)
_writeValueArray (value.o):
    chunk.o                   chunk.s(15)
addeq0sp (addeqsp.o):
    bank.o                    bank.s(467)
    bank.o                    bank.s(467)
addeqysp (addeqsp.o):
    fgets.o                   ../libwrk/cx16/fgets.s(112)
    bank.o                    bank.s(467)
    bank.o                    bank.s(467)
    vm.o                      vm.s(485)
addysp (addysp.o):
    fwrite.o                  common/fwrite.s(11)
    realloc.o                 ../libwrk/cx16/realloc.s(191)
    printf.o                  common/printf.s(8)
    incsp8.o                  runtime/incsp8.s(8)
    incsp7.o                  runtime/incsp7.s(8)
    incsp6.o                  runtime/incsp6.s(8)
    incsp5.o                  runtime/incsp5.s(8)
    incsp4.o                  runtime/incsp4.s(8)
    incsp3.o                  runtime/incsp3.s(8)
    fprintf.o                 common/fprintf.s(8)
    fgets.o                   ../libwrk/cx16/fgets.s(112)
    vm.o                      vm.s(485)
    debug.o                   debug.s(930)
addysp1 (addysp.o):
    sub.o                     runtime/sub.s(8)
aslax1 (aslax1.o):
    compiler.o                compiler.s(1317)
axlong (axlong.o):
    _printf.o                 common/_printf.s(11)
axulong (axlong.o):
    _printf.o                 common/_printf.s(11)
bnega (bneg.o):
    compiler.o                compiler.s(1317)
booleq (makebool.o):
    eq.o                      runtime/eq.s(8)
    scanner.o                 scanner.s(1046)
    scanner.o                 scanner.s(1046)
callmain (callmain.o):
    crt0.o                    cx16/crt0.s(9)
decax1 (decax1.o):
    chunk.o                   chunk.s(272)
    debug.o                   debug.s(930)
    scanner.o                 scanner.s(1046)
    main.o                    main.s(198)
decax2 (decax2.o):
    vm.o                      vm.s(485)
decax4 (decax4.o):
    realloc.o                 ../libwrk/cx16/realloc.s(191)
decsp1 (decsp1.o):
    fgetc.o                   ../libwrk/cx16/fgetc.s(94)
    compiler.o                compiler.s(1317)
    debug.o                   debug.s(930)
    scanner.o                 scanner.s(1046)
    scanner.o                 scanner.s(1046)
decsp2 (decsp2.o):
    bank.o                    bank.s(467)
    bank.o                    bank.s(467)
    bank.o                    bank.s(467)
    compiler.o                compiler.s(1317)
    memory.o                  memory.s(57)
    debug.o                   debug.s(930)
    debug.o                   debug.s(930)
decsp3 (decsp3.o):
    vm.o                      vm.s(485)
decsp4 (decsp4.o):
    lpush.o                   runtime/lpush.s(12)
    fprintf.o                 common/fprintf.s(8)
    fgets.o                   ../libwrk/cx16/fgets.s(112)
decsp6 (decsp6.o):
    _printf.o                 common/_printf.s(11)
    realloc.o                 ../libwrk/cx16/realloc.s(191)
donelib (condes.o):
    crt0.o                    cx16/crt0.s(8)
fdtab (filedes.o):
    read.o                    cbm/filedes.inc(7)
    write.o                   cbm/filedes.inc(7)
gotoxy (gotoxy.o):
    cputc.o                   cx16/cputc.s(11)
    cputs.o                   conio/cputs.s(9)
incax2 (incax2.o):
    vm.o                      vm.s(485)
    vm.o                      vm.s(485)
    debug.o                   debug.s(930)
incax6 (incax6.o):
    chunk.o                   chunk.s(272)
    chunk.o                   chunk.s(272)
    chunk.o                   chunk.s(272)
incaxy (incaxy.o):
    incax6.o                  runtime/incax6.s(8)
incsp1 (incsp1.o):
    compiler.o                compiler.s(1317)
    compiler.o                compiler.s(1317)
    compiler.o                compiler.s(1317)
    compiler.o                compiler.s(1317)
    compiler.o                compiler.s(1317)
    compiler.o                compiler.s(1317)
    compiler.o                compiler.s(1317)
    vm.o                      vm.s(485)
    scanner.o                 scanner.s(1046)
    scanner.o                 scanner.s(1046)
    scanner.o                 scanner.s(1046)
    scanner.o                 scanner.s(1046)
    scanner.o                 scanner.s(1046)
    scanner.o                 scanner.s(1046)
    scanner.o                 scanner.s(1046)
incsp2 (incsp2.o):
    staxspi.o                 runtime/staxspi.s(9)
    staspidx.o                runtime/staspidx.s(8)
    puts.o                    ../libwrk/cx16/puts.s(78)
    popptr1.o                 runtime/popptr1.s(8)
    bank.o                    bank.s(467)
    bank.o                    bank.s(467)
    bank.o                    bank.s(467)
    bank.o                    bank.s(467)
    bank.o                    bank.s(467)
    bank.o                    bank.s(467)
    compiler.o                compiler.s(1317)
    compiler.o                compiler.s(1317)
    compiler.o                compiler.s(1317)
    compiler.o                compiler.s(1317)
    compiler.o                compiler.s(1317)
    compiler.o                compiler.s(1317)
    compiler.o                compiler.s(1317)
    vm.o                      vm.s(485)
    vm.o                      vm.s(485)
    vm.o                      vm.s(485)
    value.o                   value.s(227)
    value.o                   value.s(227)
    value.o                   value.s(227)
    value.o                   value.s(227)
    chunk.o                   chunk.s(272)
    chunk.o                   chunk.s(272)
    chunk.o                   chunk.s(272)
    scanner.o                 scanner.s(1046)
    scanner.o                 scanner.s(1046)
incsp3 (incsp3.o):
    fgetc.o                   ../libwrk/cx16/fgetc.s(94)
    bank.o                    bank.s(467)
    compiler.o                compiler.s(1317)
    vm.o                      vm.s(485)
    debug.o                   debug.s(930)
    debug.o                   debug.s(930)
incsp4 (incsp4.o):
    bank.o                    bank.s(467)
    compiler.o                compiler.s(1317)
    compiler.o                compiler.s(1317)
    vm.o                      vm.s(485)
    value.o                   value.s(227)
    chunk.o                   chunk.s(272)
    chunk.o                   chunk.s(272)
    debug.o                   debug.s(930)
    scanner.o                 scanner.s(1046)
incsp5 (incsp5.o):
    compiler.o                compiler.s(1317)
    debug.o                   debug.s(930)
incsp6 (incsp6.o):
    fwrite.o                  common/fwrite.s(11)
    vfprintf.o                common/vfprintf.s(9)
    debug.o                   debug.s(930)
    main.o                    main.s(198)
incsp7 (incsp7.o):
    debug.o                   debug.s(930)
    scanner.o                 scanner.s(1046)
incsp8 (incsp8.o):
    bank.o                    bank.s(467)
    bank.o                    bank.s(467)
    bank.o                    bank.s(467)
    memory.o                  memory.s(57)
initlib (condes.o):
    crt0.o                    cx16/crt0.s(8)
jmpvec (jmpvec.o):
    compiler.o                compiler.s(1317)
ldax0sp (ldaxsp.o):
    realloc.o                 ../libwrk/cx16/realloc.s(191)
    bank.o                    bank.s(467)
    bank.o                    bank.s(467)
    bank.o                    bank.s(467)
    bank.o                    bank.s(467)
    bank.o                    bank.s(467)
    compiler.o                compiler.s(1317)
    compiler.o                compiler.s(1317)
    vm.o                      vm.s(485)
    vm.o                      vm.s(485)
    vm.o                      vm.s(485)
    value.o                   value.s(227)
    value.o                   value.s(227)
    value.o                   value.s(227)
    memory.o                  memory.s(57)
    chunk.o                   chunk.s(272)
    chunk.o                   chunk.s(272)
    chunk.o                   chunk.s(272)
    debug.o                   debug.s(930)
    debug.o                   debug.s(930)
ldaxi (ldaxi.o):
    compiler.o                compiler.s(1317)
    vm.o                      vm.s(485)
    debug.o                   debug.s(930)
ldaxidx (ldaxi.o):
    realloc.o                 ../libwrk/cx16/realloc.s(191)
    compiler.o                compiler.s(1317)
    vm.o                      vm.s(485)
    vm.o                      vm.s(485)
    vm.o                      vm.s(485)
    vm.o                      vm.s(485)
    value.o                   value.s(227)
    debug.o                   debug.s(930)
    debug.o                   debug.s(930)
ldaxysp (ldaxsp.o):
    fwrite.o                  common/fwrite.s(11)
    realloc.o                 ../libwrk/cx16/realloc.s(191)
    puts.o                    ../libwrk/cx16/puts.s(78)
    fgets.o                   ../libwrk/cx16/fgets.s(112)
    bank.o                    bank.s(467)
    bank.o                    bank.s(467)
    bank.o                    bank.s(467)
    compiler.o                compiler.s(1317)
    compiler.o                compiler.s(1317)
    compiler.o                compiler.s(1317)
    compiler.o                compiler.s(1317)
    vm.o                      vm.s(485)
    value.o                   value.s(227)
    value.o                   value.s(227)
    memory.o                  memory.s(57)
    chunk.o                   chunk.s(272)
    chunk.o                   chunk.s(272)
    chunk.o                   chunk.s(272)
    debug.o                   debug.s(930)
    debug.o                   debug.s(930)
    debug.o                   debug.s(930)
    scanner.o                 scanner.s(1046)
    scanner.o                 scanner.s(1046)
    main.o                    main.s(198)
leaa0sp (leaaxsp.o):
    fgetc.o                   ../libwrk/cx16/fgetc.s(94)
    vm.o                      vm.s(485)
mul8x16 (mul8.o):
    mul.o                     runtime/mul.s(8)
mul8x16a (mul8.o):
    mul.o                     runtime/mul.s(8)
negax (negabs.o):
    shelp.o                   runtime/shelp.s(11)
    mod.o                     runtime/mod.s(11)
    div.o                     runtime/div.s(11)
    vm.o                      vm.s(485)
negeax (lneg.o):
    ltoa.o                    common/ltoa.s(9)
    atoi.o                    common/atoi.s(9)
plot (cputc.o):
    gotoxy.o                  cx16/gotoxy.s(9)
popa (popa.o):
    gotoxy.o                  cx16/gotoxy.s(9)
popax (incsp2.o):
    rwcommon.o                cbm/rwcommon.s(9)
    ltoa.o                    common/ltoa.s(9)
    _printf.o                 common/_printf.s(11)
    shelp.o                   runtime/shelp.s(11)
    memcpy.o                  common/memcpy.s(14)
popptr1 (popptr1.o):
    rwcommon.o                cbm/rwcommon.s(9)
    ltoa.o                    common/ltoa.s(9)
    udiv.o                    runtime/udiv.s(9)
    strcmp.o                  common/strcmp.s(8)
    mul8.o                    runtime/mul8.s(9)
    mul.o                     runtime/mul.s(9)
    memcpy.o                  common/memcpy.s(14)
popsargsudiv16 (shelp.o):
    mod.o                     runtime/mod.s(11)
    div.o                     runtime/div.s(11)
ptr1 (zeropage.o):
    strlower.o                common/strlower.s(14)
    read.o                    cbm/read.s(13)
    malloc.o                  common/malloc.s(108)
    ltoa.o                    common/ltoa.s(11)
    fwrite.o                  common/fwrite.s(14)
    _printf.o                 /Users/rje/git/cc65/asminc/zeropage.inc(12)
    zerobss.o                 common/zerobss.s(9)
    write.o                   cbm/write.s(11)
    vfprintf.o                common/vfprintf.s(11)
    udiv.o                    runtime/udiv.s(10)
    strcmp.o                  common/strcmp.s(9)
    staxspi.o                 runtime/staxspi.s(10)
    staspidx.o                runtime/staspidx.s(9)
    shelp.o                   runtime/shelp.s(12)
    puts.o                    ../libwrk/cx16/puts.s(11)
    pushw.o                   runtime/pushw.s(9)
    printf.o                  common/printf.s(9)
    popptr1.o                 runtime/popptr1.s(9)
    mul8.o                    runtime/mul8.s(10)
    mul.o                     runtime/mul.s(10)
    memcpy.o                  common/memcpy.s(15)
    ldaxi.o                   runtime/ldaxi.s(8)
    free.o                    common/free.s(62)
    fprintf.o                 common/fprintf.s(9)
    div.o                     runtime/div.s(12)
    cputs.o                   conio/cputs.s(10)
    atoi.o                    common/atoi.s(10)
    bank.o                    bank.s(11)
    compiler.o                compiler.s(11)
    vm.o                      vm.s(11)
    value.o                   value.s(11)
    chunk.o                   chunk.s(11)
    debug.o                   debug.s(11)
    main.o                    main.s(11)
ptr2 (zeropage.o):
    strlower.o                common/strlower.s(14)
    rwcommon.o                cbm/rwcommon.s(10)
    read.o                    cbm/read.s(13)
    malloc.o                  common/malloc.s(108)
    ltoa.o                    common/ltoa.s(11)
    _printf.o                 /Users/rje/git/cc65/asminc/zeropage.inc(12)
    write.o                   cbm/write.s(11)
    strlen.o                  common/strlen.s(12)
    strcmp.o                  common/strcmp.s(9)
    memcpy.o                  common/memcpy.s(15)
    free.o                    common/free.s(62)
    atoi.o                    common/atoi.s(10)
ptr3 (zeropage.o):
    rwcommon.o                cbm/rwcommon.s(10)
    read.o                    cbm/read.s(13)
    malloc.o                  common/malloc.s(108)
    ltoa.o                    common/ltoa.s(11)
    write.o                   cbm/write.s(11)
    memcpy.o                  common/memcpy.s(15)
    free.o                    common/free.s(62)
ptr4 (zeropage.o):
    udiv.o                    runtime/udiv.s(10)
    shelp.o                   runtime/shelp.s(12)
    mul8.o                    runtime/mul8.s(10)
    mul.o                     runtime/mul.s(10)
    free.o                    common/free.s(62)
push0 (pushax.o):
    main.o                    main.s(198)
push1 (push1.o):
    _printf.o                 common/_printf.s(11)
    vfprintf.o                common/vfprintf.s(9)
pusha (pusha.o):
    compiler.o                compiler.s(1317)
    compiler.o                compiler.s(1317)
    compiler.o                compiler.s(1317)
    compiler.o                compiler.s(1317)
    compiler.o                compiler.s(1317)
    compiler.o                compiler.s(1317)
    compiler.o                compiler.s(1317)
    compiler.o                compiler.s(1317)
    compiler.o                compiler.s(1317)
    compiler.o                compiler.s(1317)
    compiler.o                compiler.s(1317)
    compiler.o                compiler.s(1317)
    compiler.o                compiler.s(1317)
    compiler.o                compiler.s(1317)
    vm.o                      vm.s(485)
    vm.o                      vm.s(485)
    chunk.o                   chunk.s(272)
    debug.o                   debug.s(930)
    debug.o                   debug.s(930)
    debug.o                   debug.s(930)
    debug.o                   debug.s(930)
    scanner.o                 scanner.s(1046)
    scanner.o                 scanner.s(1046)
    scanner.o                 scanner.s(1046)
    scanner.o                 scanner.s(1046)
    scanner.o                 scanner.s(1046)
    scanner.o                 scanner.s(1046)
    scanner.o                 scanner.s(1046)
    scanner.o                 scanner.s(1046)
    scanner.o                 scanner.s(1046)
    main.o                    main.s(198)
pusha0 (pushax.o):
    push1.o                   runtime/push1.s(8)
    fgetc.o                   ../libwrk/cx16/fgetc.s(94)
    puts.o                    ../libwrk/cx16/puts.s(78)
    bank.o                    bank.s(467)
    bank.o                    bank.s(467)
    bank.o                    bank.s(467)
    compiler.o                compiler.s(1317)
    compiler.o                compiler.s(1317)
    compiler.o                compiler.s(1317)
    compiler.o                compiler.s(1317)
    vm.o                      vm.s(485)
    value.o                   value.s(227)
    chunk.o                   chunk.s(272)
    chunk.o                   chunk.s(272)
    debug.o                   debug.s(930)
    debug.o                   debug.s(930)
    scanner.o                 scanner.s(1046)
    scanner.o                 scanner.s(1046)
    main.o                    main.s(198)
pushax (pushax.o):
    fwrite.o                  common/fwrite.s(11)
    fgetc.o                   ../libwrk/cx16/fgetc.s(94)
    callmain.o                runtime/callmain.s(11)
    _printf.o                 common/_printf.s(11)
    realloc.o                 ../libwrk/cx16/realloc.s(191)
    puts.o                    ../libwrk/cx16/puts.s(78)
    pushw.o                   runtime/pushw.s(8)
    printf.o                  common/printf.s(8)
    fgets.o                   ../libwrk/cx16/fgets.s(112)
    bank.o                    bank.s(467)
    bank.o                    bank.s(467)
    bank.o                    bank.s(467)
    bank.o                    bank.s(467)
    bank.o                    bank.s(467)
    bank.o                    bank.s(467)
    bank.o                    bank.s(467)
    bank.o                    bank.s(467)
    bank.o                    bank.s(467)
    bank.o                    bank.s(467)
    compiler.o                compiler.s(1317)
    compiler.o                compiler.s(1317)
    compiler.o                compiler.s(1317)
    compiler.o                compiler.s(1317)
    compiler.o                compiler.s(1317)
    compiler.o                compiler.s(1317)
    compiler.o                compiler.s(1317)
    compiler.o                compiler.s(1317)
    compiler.o                compiler.s(1317)
    compiler.o                compiler.s(1317)
    compiler.o                compiler.s(1317)
    compiler.o                compiler.s(1317)
    compiler.o                compiler.s(1317)
    compiler.o                compiler.s(1317)
    compiler.o                compiler.s(1317)
    vm.o                      vm.s(485)
    vm.o                      vm.s(485)
    vm.o                      vm.s(485)
    value.o                   value.s(227)
    value.o                   value.s(227)
    value.o                   value.s(227)
    value.o                   value.s(227)
    memory.o                  memory.s(57)
    chunk.o                   chunk.s(272)
    chunk.o                   chunk.s(272)
    chunk.o                   chunk.s(272)
    chunk.o                   chunk.s(272)
    debug.o                   debug.s(930)
    debug.o                   debug.s(930)
    debug.o                   debug.s(930)
    debug.o                   debug.s(930)
    debug.o                   debug.s(930)
    debug.o                   debug.s(930)
    scanner.o                 scanner.s(1046)
    scanner.o                 scanner.s(1046)
    scanner.o                 scanner.s(1046)
    scanner.o                 scanner.s(1046)
    scanner.o                 scanner.s(1046)
    main.o                    main.s(198)
pusheax (lpush.o):
    _printf.o                 common/_printf.s(11)
pushw (pushw.o):
    compiler.o                compiler.s(1317)
    compiler.o                compiler.s(1317)
    vm.o                      vm.s(485)
pushw0sp (pushwsp.o):
    vm.o                      vm.s(485)
pushwidx (pushw.o):
    compiler.o                compiler.s(1317)
    vm.o                      vm.s(485)
    value.o                   value.s(227)
    value.o                   value.s(227)
    chunk.o                   chunk.s(272)
    chunk.o                   chunk.s(272)
pushwysp (pushwsp.o):
    fwrite.o                  common/fwrite.s(11)
    vfprintf.o                common/vfprintf.s(9)
    realloc.o                 ../libwrk/cx16/realloc.s(191)
    puts.o                    ../libwrk/cx16/puts.s(78)
    compiler.o                compiler.s(1317)
    compiler.o                compiler.s(1317)
    compiler.o                compiler.s(1317)
    vm.o                      vm.s(485)
    value.o                   value.s(227)
    value.o                   value.s(227)
    memory.o                  memory.s(57)
    chunk.o                   chunk.s(272)
    debug.o                   debug.s(930)
    debug.o                   debug.s(930)
    debug.o                   debug.s(930)
    debug.o                   debug.s(930)
    scanner.o                 scanner.s(1046)
regbank (zeropage.o):
    fgetc.o                   ../libwrk/cx16/fgetc.s(10)
    _printf.o                 /Users/rje/git/cc65/asminc/zeropage.inc(14)
    regswap2.o                runtime/regswap2.s(8)
    realloc.o                 ../libwrk/cx16/realloc.s(10)
    fgets.o                   ../libwrk/cx16/fgets.s(10)
regsave (zeropage.o):
    vm.o                      vm.s(10)
regswap2 (regswap2.o):
    fgetc.o                   ../libwrk/cx16/fgetc.s(94)
    realloc.o                 ../libwrk/cx16/realloc.s(191)
    fgets.o                   ../libwrk/cx16/fgets.s(112)
rwcommon (rwcommon.o):
    read.o                    cbm/read.s(11)
    write.o                   cbm/write.s(10)
shlax1 (aslax1.o):
    value.o                   value.s(227)
sp (zeropage.o):
    lpush.o                   runtime/lpush.s(13)
    fgetc.o                   ../libwrk/cx16/fgetc.s(10)
    decsp6.o                  runtime/decsp6.s(8)
    decsp4.o                  runtime/decsp4.s(8)
    _printf.o                 /Users/rje/git/cc65/asminc/zeropage.inc(11)
    _heap.o                   common/_heap.s(9)
    vfprintf.o                common/vfprintf.s(11)
    subysp.o                  runtime/subysp.s(9)
    subeqsp.o                 runtime/subeqsp.s(8)
    sub.o                     runtime/sub.s(9)
    staxspi.o                 runtime/staxspi.s(10)
    staxsp.o                  runtime/staxsp.s(8)
    staspidx.o                runtime/staspidx.s(9)
    regswap2.o                runtime/regswap2.s(8)
    realloc.o                 ../libwrk/cx16/realloc.s(10)
    pushwsp.o                 runtime/pushwsp.s(8)
    pushax.o                  runtime/pushax.s(8)
    pusha.o                   runtime/pusha.s(8)
    printf.o                  common/printf.s(9)
    popptr1.o                 runtime/popptr1.s(9)
    popa.o                    runtime/popa.s(8)
    memcpy.o                  common/memcpy.s(15)
    leaaxsp.o                 runtime/leaaxsp.s(8)
    ldaxsp.o                  runtime/ldaxsp.s(8)
    incsp2.o                  runtime/incsp2.s(8)
    incsp1.o                  runtime/incsp1.s(8)
    icmp.o                    runtime/icmp.s(9)
    fprintf.o                 common/fprintf.s(9)
    fgets.o                   ../libwrk/cx16/fgets.s(10)
    decsp3.o                  runtime/decsp3.s(8)
    decsp2.o                  runtime/decsp2.s(8)
    decsp1.o                  runtime/decsp1.s(8)
    crt0.o                    /Users/rje/git/cc65/asminc/zeropage.inc(11)
    addysp.o                  runtime/addysp.s(8)
    addeqsp.o                 runtime/addeqsp.s(8)
    add.o                     runtime/add.s(12)
    bank.o                    bank.s(10)
    compiler.o                compiler.s(10)
    vm.o                      vm.s(10)
    value.o                   value.s(10)
    memory.o                  memory.s(10)
    chunk.o                   chunk.s(10)
    debug.o                   debug.s(10)
    scanner.o                 scanner.s(10)
    main.o                    main.s(10)
sreg (zeropage.o):
    ltoa.o                    common/ltoa.s(11)
    lpush.o                   runtime/lpush.s(13)
    axlong.o                  runtime/axlong.s(9)
    _printf.o                 /Users/rje/git/cc65/asminc/zeropage.inc(11)
    udiv.o                    runtime/udiv.s(10)
    mod.o                     runtime/mod.s(12)
    lneg.o                    runtime/lneg.s(11)
    icmp.o                    runtime/icmp.s(9)
    atoi.o                    common/atoi.s(10)
    bank.o                    bank.s(10)
    value.o                   value.s(10)
staspidx (staspidx.o):
    compiler.o                compiler.s(1317)
    compiler.o                compiler.s(1317)
    value.o                   value.s(227)
    chunk.o                   chunk.s(272)
    scanner.o                 scanner.s(1046)
stax0sp (staxsp.o):
    realloc.o                 ../libwrk/cx16/realloc.s(191)
    fgets.o                   ../libwrk/cx16/fgets.s(112)
    bank.o                    bank.s(467)
    bank.o                    bank.s(467)
    bank.o                    bank.s(467)
    bank.o                    bank.s(467)
    compiler.o                compiler.s(1317)
    vm.o                      vm.s(485)
    memory.o                  memory.s(57)
    debug.o                   debug.s(930)
    debug.o                   debug.s(930)
    debug.o                   debug.s(930)
staxspidx (staxspi.o):
    compiler.o                compiler.s(1317)
    value.o                   value.s(227)
    chunk.o                   chunk.s(272)
staxysp (staxsp.o):
    realloc.o                 ../libwrk/cx16/realloc.s(191)
    fgets.o                   ../libwrk/cx16/fgets.s(112)
    debug.o                   debug.s(930)
    scanner.o                 scanner.s(1046)
subeq0sp (subeqsp.o):
    compiler.o                compiler.s(1317)
    vm.o                      vm.s(485)
subeqysp (subeqsp.o):
    realloc.o                 ../libwrk/cx16/realloc.s(191)
    fgets.o                   ../libwrk/cx16/fgets.s(112)
subysp (subysp.o):
    vm.o                      vm.s(485)
    debug.o                   debug.s(930)
tmp1 (zeropage.o):
    read.o                    cbm/read.s(13)
    ltoa.o                    common/ltoa.s(11)
    _printf.o                 /Users/rje/git/cc65/asminc/zeropage.inc(13)
    staxspi.o                 runtime/staxspi.s(10)
    staspidx.o                runtime/staspidx.s(9)
    shelp.o                   runtime/shelp.s(12)
    realloc.o                 ../libwrk/cx16/realloc.s(11)
    mul.o                     runtime/mul.s(10)
    mod.o                     runtime/mod.s(12)
    incaxy.o                  runtime/incaxy.s(8)
    fgets.o                   ../libwrk/cx16/fgets.s(11)
    div.o                     runtime/div.s(12)
    cputs.o                   conio/cputs.s(10)
    atoi.o                    common/atoi.s(10)
    aslax1.o                  runtime/aslax1.s(8)
    compiler.o                compiler.s(11)
    vm.o                      vm.s(11)
    scanner.o                 scanner.s(11)
    main.o                    main.s(11)
tmp2 (zeropage.o):
    rwcommon.o                cbm/rwcommon.s(10)
    read.o                    cbm/read.s(13)
    shelp.o                   runtime/shelp.s(12)
    div.o                     runtime/div.s(12)
tmp3 (zeropage.o):
    read.o                    cbm/read.s(13)
tosadda0 (add.o):
    chunk.o                   chunk.s(272)
tosaddax (add.o):
    bank.o                    bank.s(467)
    vm.o                      vm.s(485)
tosdivax (div.o):
    vm.o                      vm.s(485)
toseqax (eq.o):
    bank.o                    bank.s(467)
tosicmp (icmp.o):
    eq.o                      runtime/eq.s(8)
    bank.o                    bank.s(467)
    vm.o                      vm.s(485)
    value.o                   value.s(227)
    chunk.o                   chunk.s(272)
    scanner.o                 scanner.s(1046)
tosicmp0 (icmp.o):
    compiler.o                compiler.s(1317)
    debug.o                   debug.s(930)
    debug.o                   debug.s(930)
tosmoda0 (mod.o):
    vm.o                      vm.s(485)
tosmulax (mul.o):
    vm.o                      vm.s(485)
tossubax (sub.o):
    vm.o                      vm.s(485)
tosudivax (udiv.o):
    fwrite.o                  common/fwrite.s(12)
tosumulax (mul.o):
    fwrite.o                  common/fwrite.s(12)
udiv16 (udiv.o):
    shelp.o                   runtime/shelp.s(11)
unittab (filedes.o):
    read.o                    cbm/filedes.inc(8)
zerobss (zerobss.o):
    crt0.o                    cx16/crt0.s(9)

