Modules list:
-------------
main.o:
    CODE              Offs=000000  Size=0001F9  Align=00001  Fill=0000
    RODATA            Offs=000000  Size=00007A  Align=00001  Fill=0000
    BSS               Offs=000000  Size=000109  Align=00001  Fill=0000
scanner.o:
    CODE              Offs=0001F9  Size=000597  Align=00001  Fill=0000
    RODATA            Offs=00007A  Size=000074  Align=00001  Fill=0000
    BSS               Offs=000109  Size=000005  Align=00001  Fill=0000
debug.o:
    CODE              Offs=000790  Size=000558  Align=00001  Fill=0000
    RODATA            Offs=0000EE  Size=0001EF  Align=00001  Fill=0000
chunk.o:
    CODE              Offs=000CE8  Size=0001D1  Align=00001  Fill=0000
memory.o:
    CODE              Offs=000EB9  Size=00003F  Align=00001  Fill=0000
value.o:
    CODE              Offs=000EF8  Size=00014C  Align=00001  Fill=0000
    RODATA            Offs=0002DD  Size=000003  Align=00001  Fill=0000
vm.o:
    CODE              Offs=001044  Size=000330  Align=00001  Fill=0000
    RODATA            Offs=0002E0  Size=000022  Align=00001  Fill=0000
    BSS               Offs=00010E  Size=000206  Align=00001  Fill=0000
compiler.o:
    CODE              Offs=001374  Size=0006B9  Align=00001  Fill=0000
    RODATA            Offs=000302  Size=0001BF  Align=00001  Fill=0000
    BSS               Offs=000314  Size=000148  Align=00001  Fill=0000
/Users/rje/git/cc65/lib/cx16.lib(_directerrno.o):
    CODE              Offs=001A2D  Size=000009  Align=00001  Fill=0000
/Users/rje/git/cc65/lib/cx16.lib(_file.o):
    DATA              Offs=000000  Size=00001E  Align=00001  Fill=0000
/Users/rje/git/cc65/lib/cx16.lib(_heap.o):
    DATA              Offs=00001E  Size=00000A  Align=00001  Fill=0000
    ONCE              Offs=000000  Size=000010  Align=00001  Fill=0000
/Users/rje/git/cc65/lib/cx16.lib(_hextab.o):
    RODATA            Offs=0004C1  Size=000010  Align=00001  Fill=0000
/Users/rje/git/cc65/lib/cx16.lib(_longminstr.o):
    RODATA            Offs=0004D1  Size=00000C  Align=00001  Fill=0000
/Users/rje/git/cc65/lib/cx16.lib(_mappederrno.o):
    CODE              Offs=001A36  Size=00000F  Align=00001  Fill=0000
/Users/rje/git/cc65/lib/cx16.lib(_oserror.o):
    BSS               Offs=00045C  Size=000001  Align=00001  Fill=0000
/Users/rje/git/cc65/lib/cx16.lib(_printf.o):
    CODE              Offs=001A45  Size=0003A5  Align=00001  Fill=0000
    BSS               Offs=00045D  Size=00002B  Align=00001  Fill=0000
    DATA              Offs=000028  Size=000003  Align=00001  Fill=0000
/Users/rje/git/cc65/lib/cx16.lib(_seterrno.o):
    CODE              Offs=001DEA  Size=000009  Align=00001  Fill=0000
/Users/rje/git/cc65/lib/cx16.lib(add.o):
    CODE              Offs=001DF3  Size=000018  Align=00001  Fill=0000
/Users/rje/git/cc65/lib/cx16.lib(addeqsp.o):
    CODE              Offs=001E0B  Size=000011  Align=00001  Fill=0000
/Users/rje/git/cc65/lib/cx16.lib(addysp.o):
    CODE              Offs=001E1C  Size=00000E  Align=00001  Fill=0000
/Users/rje/git/cc65/lib/cx16.lib(aslax1.o):
    CODE              Offs=001E2A  Size=000008  Align=00001  Fill=0000
/Users/rje/git/cc65/lib/cx16.lib(atoi.o):
    CODE              Offs=001E32  Size=000096  Align=00001  Fill=0000
/Users/rje/git/cc65/lib/cx16.lib(axlong.o):
    CODE              Offs=001EC8  Size=00000D  Align=00001  Fill=0000
/Users/rje/git/cc65/lib/cx16.lib(bneg.o):
    CODE              Offs=001ED5  Size=00000E  Align=00001  Fill=0000
/Users/rje/git/cc65/lib/cx16.lib(c_bsout.o):
/Users/rje/git/cc65/lib/cx16.lib(callmain.o):
    CODE              Offs=001EE3  Size=000017  Align=00001  Fill=0000
    DATA              Offs=00002B  Size=000004  Align=00001  Fill=0000
/Users/rje/git/cc65/lib/cx16.lib(condes.o):
    CODE              Offs=001EFA  Size=00000C  Align=00001  Fill=0000
    DATA              Offs=00002F  Size=000025  Align=00001  Fill=0000
    ONCE              Offs=000010  Size=00000C  Align=00001  Fill=0000
/Users/rje/git/cc65/lib/cx16.lib(crt0.o):
    STARTUP           Offs=000000  Size=000028  Align=00001  Fill=0000
    ONCE              Offs=00001C  Size=000023  Align=00001  Fill=0000
    INIT              Offs=000000  Size=000002  Align=00001  Fill=0000
/Users/rje/git/cc65/lib/cx16.lib(ctype.o):
    RODATA            Offs=0004DD  Size=000100  Align=00001  Fill=0000
/Users/rje/git/cc65/lib/cx16.lib(decax1.o):
    CODE              Offs=001F06  Size=000007  Align=00001  Fill=0000
/Users/rje/git/cc65/lib/cx16.lib(decax2.o):
    CODE              Offs=001F0D  Size=000007  Align=00001  Fill=0000
/Users/rje/git/cc65/lib/cx16.lib(decax4.o):
    CODE              Offs=001F14  Size=000007  Align=00001  Fill=0000
/Users/rje/git/cc65/lib/cx16.lib(decsp1.o):
    CODE              Offs=001F1B  Size=000009  Align=00001  Fill=0000
/Users/rje/git/cc65/lib/cx16.lib(decsp2.o):
    CODE              Offs=001F24  Size=00000D  Align=00001  Fill=0000
/Users/rje/git/cc65/lib/cx16.lib(decsp3.o):
    CODE              Offs=001F31  Size=00000D  Align=00001  Fill=0000
/Users/rje/git/cc65/lib/cx16.lib(decsp4.o):
    CODE              Offs=001F3E  Size=00000D  Align=00001  Fill=0000
/Users/rje/git/cc65/lib/cx16.lib(decsp6.o):
    CODE              Offs=001F4B  Size=00000D  Align=00001  Fill=0000
/Users/rje/git/cc65/lib/cx16.lib(div.o):
    CODE              Offs=001F58  Size=000015  Align=00001  Fill=0000
/Users/rje/git/cc65/lib/cx16.lib(errno.o):
    BSS               Offs=000488  Size=000002  Align=00001  Fill=0000
/Users/rje/git/cc65/lib/cx16.lib(exehdr.o):
    EXEHDR            Offs=000000  Size=00000C  Align=00001  Fill=0000
/Users/rje/git/cc65/lib/cx16.lib(fgetc.o):
    CODE              Offs=001F6D  Size=000084  Align=00001  Fill=0000
/Users/rje/git/cc65/lib/cx16.lib(fgets.o):
    CODE              Offs=001FF1  Size=0000AA  Align=00001  Fill=0000
/Users/rje/git/cc65/lib/cx16.lib(filedes.o):
    CODE              Offs=00209B  Size=00000E  Align=00001  Fill=0000
    DATA              Offs=000054  Size=000010  Align=00001  Fill=0000
/Users/rje/git/cc65/lib/cx16.lib(fprintf.o):
    CODE              Offs=0020A9  Size=00002B  Align=00001  Fill=0000
    BSS               Offs=00048A  Size=000001  Align=00001  Fill=0000
/Users/rje/git/cc65/lib/cx16.lib(fputc.o):
    CODE              Offs=0020D4  Size=000054  Align=00001  Fill=0000
    RODATA            Offs=0005DD  Size=000002  Align=00001  Fill=0000
/Users/rje/git/cc65/lib/cx16.lib(free.o):
    CODE              Offs=002128  Size=0001D3  Align=00001  Fill=0000
/Users/rje/git/cc65/lib/cx16.lib(fwrite.o):
    CODE              Offs=0022FB  Size=00007B  Align=00001  Fill=0000
    BSS               Offs=00048B  Size=000002  Align=00001  Fill=0000
/Users/rje/git/cc65/lib/cx16.lib(icmp.o):
    CODE              Offs=002376  Size=00002E  Align=00001  Fill=0000
/Users/rje/git/cc65/lib/cx16.lib(incax2.o):
    CODE              Offs=0023A4  Size=000007  Align=00001  Fill=0000
/Users/rje/git/cc65/lib/cx16.lib(incax6.o):
    CODE              Offs=0023AB  Size=000005  Align=00001  Fill=0000
/Users/rje/git/cc65/lib/cx16.lib(incaxy.o):
    CODE              Offs=0023B0  Size=00000B  Align=00001  Fill=0000
/Users/rje/git/cc65/lib/cx16.lib(incsp1.o):
    CODE              Offs=0023BB  Size=000007  Align=00001  Fill=0000
/Users/rje/git/cc65/lib/cx16.lib(incsp2.o):
    CODE              Offs=0023C2  Size=000015  Align=00001  Fill=0000
/Users/rje/git/cc65/lib/cx16.lib(incsp3.o):
    CODE              Offs=0023D7  Size=000005  Align=00001  Fill=0000
/Users/rje/git/cc65/lib/cx16.lib(incsp4.o):
    CODE              Offs=0023DC  Size=000005  Align=00001  Fill=0000
/Users/rje/git/cc65/lib/cx16.lib(incsp5.o):
    CODE              Offs=0023E1  Size=000005  Align=00001  Fill=0000
/Users/rje/git/cc65/lib/cx16.lib(incsp6.o):
    CODE              Offs=0023E6  Size=000005  Align=00001  Fill=0000
/Users/rje/git/cc65/lib/cx16.lib(incsp7.o):
    CODE              Offs=0023EB  Size=000005  Align=00001  Fill=0000
/Users/rje/git/cc65/lib/cx16.lib(incsp8.o):
    CODE              Offs=0023F0  Size=000005  Align=00001  Fill=0000
/Users/rje/git/cc65/lib/cx16.lib(jmpvec.o):
    DATA              Offs=000064  Size=000003  Align=00001  Fill=0000
/Users/rje/git/cc65/lib/cx16.lib(kernal.o):
/Users/rje/git/cc65/lib/cx16.lib(ldaxi.o):
    CODE              Offs=0023F5  Size=00000D  Align=00001  Fill=0000
/Users/rje/git/cc65/lib/cx16.lib(ldaxsp.o):
    CODE              Offs=002402  Size=000009  Align=00001  Fill=0000
/Users/rje/git/cc65/lib/cx16.lib(leaaxsp.o):
    CODE              Offs=00240B  Size=00000C  Align=00001  Fill=0000
/Users/rje/git/cc65/lib/cx16.lib(lneg.o):
    CODE              Offs=002417  Size=00001E  Align=00001  Fill=0000
/Users/rje/git/cc65/lib/cx16.lib(loadaddr.o):
    LOADADDR          Offs=000000  Size=000002  Align=00001  Fill=0000
/Users/rje/git/cc65/lib/cx16.lib(lpush.o):
    CODE              Offs=002435  Size=00001E  Align=00001  Fill=0000
/Users/rje/git/cc65/lib/cx16.lib(ltoa.o):
    CODE              Offs=002453  Size=000093  Align=00001  Fill=0000
/Users/rje/git/cc65/lib/cx16.lib(makebool.o):
    CODE              Offs=0024E6  Size=00002C  Align=00001  Fill=0000
/Users/rje/git/cc65/lib/cx16.lib(malloc.o):
    CODE              Offs=002512  Size=00010E  Align=00001  Fill=0000
/Users/rje/git/cc65/lib/cx16.lib(memcmp.o):
    CODE              Offs=002620  Size=000036  Align=00001  Fill=0000
/Users/rje/git/cc65/lib/cx16.lib(memcpy.o):
    CODE              Offs=002656  Size=00003C  Align=00001  Fill=0000
/Users/rje/git/cc65/lib/cx16.lib(mod.o):
    CODE              Offs=002692  Size=000011  Align=00001  Fill=0000
/Users/rje/git/cc65/lib/cx16.lib(mul.o):
    CODE              Offs=0026A3  Size=000045  Align=00001  Fill=0000
/Users/rje/git/cc65/lib/cx16.lib(mul8.o):
    CODE              Offs=0026E8  Size=00003A  Align=00001  Fill=0000
/Users/rje/git/cc65/lib/cx16.lib(negabs.o):
    CODE              Offs=002722  Size=000012  Align=00001  Fill=0000
/Users/rje/git/cc65/lib/cx16.lib(oserror.o):
    CODE              Offs=002734  Size=000016  Align=00001  Fill=0000
    RODATA            Offs=0005DF  Size=00005A  Align=00001  Fill=0000
/Users/rje/git/cc65/lib/cx16.lib(popptr1.o):
    CODE              Offs=00274A  Size=00000E  Align=00001  Fill=0000
/Users/rje/git/cc65/lib/cx16.lib(printf.o):
    CODE              Offs=002758  Size=000033  Align=00001  Fill=0000
    BSS               Offs=00048D  Size=000001  Align=00001  Fill=0000
/Users/rje/git/cc65/lib/cx16.lib(push1.o):
    CODE              Offs=00278B  Size=000005  Align=00001  Fill=0000
/Users/rje/git/cc65/lib/cx16.lib(pusha.o):
    CODE              Offs=002790  Size=000016  Align=00001  Fill=0000
/Users/rje/git/cc65/lib/cx16.lib(pushax.o):
    CODE              Offs=0027A6  Size=00001A  Align=00001  Fill=0000
/Users/rje/git/cc65/lib/cx16.lib(pushw.o):
    CODE              Offs=0027C0  Size=00000F  Align=00001  Fill=0000
/Users/rje/git/cc65/lib/cx16.lib(pushwsp.o):
    CODE              Offs=0027CF  Size=00001C  Align=00001  Fill=0000
/Users/rje/git/cc65/lib/cx16.lib(putchar.o):
    CODE              Offs=0027EB  Size=00000C  Align=00001  Fill=0000
/Users/rje/git/cc65/lib/cx16.lib(puts.o):
    CODE              Offs=0027F7  Size=000065  Align=00001  Fill=0000
    DATA              Offs=000067  Size=000001  Align=00001  Fill=0000
/Users/rje/git/cc65/lib/cx16.lib(read.o):
    CODE              Offs=00285C  Size=00007E  Align=00001  Fill=0000
    BSS               Offs=00048E  Size=000001  Align=00001  Fill=0000
    ONCE              Offs=00003F  Size=00000C  Align=00001  Fill=0000
/Users/rje/git/cc65/lib/cx16.lib(realloc.o):
    CODE              Offs=0028DA  Size=00013F  Align=00001  Fill=0000
/Users/rje/git/cc65/lib/cx16.lib(regswap2.o):
    CODE              Offs=002A19  Size=000016  Align=00001  Fill=0000
/Users/rje/git/cc65/lib/cx16.lib(return0.o):
    CODE              Offs=002A2F  Size=000004  Align=00001  Fill=0000
/Users/rje/git/cc65/lib/cx16.lib(rwcommon.o):
    CODE              Offs=002A33  Size=00001C  Align=00001  Fill=0000
/Users/rje/git/cc65/lib/cx16.lib(shelp.o):
    CODE              Offs=002A4F  Size=000020  Align=00001  Fill=0000
/Users/rje/git/cc65/lib/cx16.lib(sprintf.o):
    CODE              Offs=002A6F  Size=00002B  Align=00001  Fill=0000
    BSS               Offs=00048F  Size=000001  Align=00001  Fill=0000
/Users/rje/git/cc65/lib/cx16.lib(staspidx.o):
    CODE              Offs=002A9A  Size=000016  Align=00001  Fill=0000
/Users/rje/git/cc65/lib/cx16.lib(staxsp.o):
    CODE              Offs=002AB0  Size=00000B  Align=00001  Fill=0000
/Users/rje/git/cc65/lib/cx16.lib(staxspi.o):
    CODE              Offs=002ABB  Size=00001A  Align=00001  Fill=0000
/Users/rje/git/cc65/lib/cx16.lib(strlen.o):
    CODE              Offs=002AD5  Size=000016  Align=00001  Fill=0000
/Users/rje/git/cc65/lib/cx16.lib(strlower.o):
    CODE              Offs=002AEB  Size=000028  Align=00001  Fill=0000
/Users/rje/git/cc65/lib/cx16.lib(sub.o):
    CODE              Offs=002B13  Size=000014  Align=00001  Fill=0000
/Users/rje/git/cc65/lib/cx16.lib(subeqsp.o):
    CODE              Offs=002B27  Size=000015  Align=00001  Fill=0000
/Users/rje/git/cc65/lib/cx16.lib(subysp.o):
    CODE              Offs=002B3C  Size=00000D  Align=00001  Fill=0000
/Users/rje/git/cc65/lib/cx16.lib(udiv.o):
    CODE              Offs=002B49  Size=00004F  Align=00001  Fill=0000
/Users/rje/git/cc65/lib/cx16.lib(vfprintf.o):
    CODE              Offs=002B98  Size=000060  Align=00001  Fill=0000
    DATA              Offs=000068  Size=000008  Align=00001  Fill=0000
/Users/rje/git/cc65/lib/cx16.lib(vsnprintf.o):
    CODE              Offs=002BF8  Size=0000DA  Align=00001  Fill=0000
    DATA              Offs=000070  Size=000008  Align=00001  Fill=0000
/Users/rje/git/cc65/lib/cx16.lib(vsprintf.o):
    CODE              Offs=002CD2  Size=000012  Align=00001  Fill=0000
/Users/rje/git/cc65/lib/cx16.lib(write.o):
    CODE              Offs=002CE4  Size=000054  Align=00001  Fill=0000
    ONCE              Offs=00004B  Size=000011  Align=00001  Fill=0000
/Users/rje/git/cc65/lib/cx16.lib(zerobss.o):
    CODE              Offs=002D38  Size=000023  Align=00001  Fill=0000
/Users/rje/git/cc65/lib/cx16.lib(zeropage.o):
    ZEROPAGE          Offs=000000  Size=00001A  Align=00001  Fill=0000


Segment list:
-------------
Name                   Start     End    Size  Align
----------------------------------------------------
ZEROPAGE              000022  00003B  00001A  00001
LOADADDR              0007FF  000800  000002  00001
EXEHDR                000801  00080C  00000C  00001
STARTUP               00080D  000834  000028  00001
CODE                  000835  00358F  002D5B  00001
RODATA                003590  003BC8  000639  00001
DATA                  003BC9  003C40  000078  00001
INIT                  003C41  003C42  000002  00001
BSS                   003C43  0040D2  000490  00001
ONCE                  003C43  003CA4  000062  00001


Exports list by name:
---------------------
BASIN                     00FFCF RLA    BSOUT                     00FFD2 RLA    
CHKIN                     00FFC6 RLA    CHROUT                    00FFD2 RLA    
CKOUT                     00FFC9 RLA    CLRCH                     00FFCC RLA    
OPEN                      00FFC0 RLA    READST                    00FFB7 RLA    
SETLFS                    00FFBA RLA    __BSS_RUN__               003C43 RLA    
__BSS_SIZE__              000490 REA    __CONSTRUCTOR_COUNT__     000003 REA    
__CONSTRUCTOR_TABLE__     003C9F RLA    __DESTRUCTOR_COUNT__      000000 REA    
__DESTRUCTOR_TABLE__      003BC9 RLA    __EXEHDR__                000001 REA    
__HEADER_LAST__           00080D RLA    __HIMEM__                 009F00 REA    
__LOADADDR__              000001 REA    __MAIN_SIZE__             0096F3 REA    
__MAIN_START__            00080D RLA    __ONCE_RUN__              003C43 RLA    
__STACKSIZE__             000800 REA    __STARTUP__               000001 REA    
__ctype                   003A6D RLA    __directerrno             002262 RLA    
__errno                   0040CB RLA    __heapend                 003BEB RLA    
__heapfirst               003BED RLA    __heaplast                003BEF RLA    
__heapptr                 003BE9 RLA    __hextab                  003A51 RLA    
__longminstr              003A61 RLA    __mappederrno             00226B RLA    
__oserror                 00409F RLA    __osmaperrno              002F69 RLA    
__printf                  00236D RLA    __seterrno                00261F RLA    
_addConstant              0016C3 RLA    _atoi                     002667 RLA    
_cbm_k_bsout              00FFD2 REA    _compile                  001BA9 RLA    
_debugPrecedence          0011DA RLA    _debugToken               000FC5 RLA    
_disassembleChunk         001285 RLA    _disassembleInstruction   0012C7 RLA    
_exit                     00081A RLA    _fgetc                    0027A2 RLA    
_fgets                    002826 RLA    _fprintf                  0028DE RLA    
_fputc                    002909 RLA    _free                     00295D RLA    
_freeChunk                001564 RLA    _freeVM                   00187C RLA    
_freeValueArray           001834 RLA    _fwrite                   002B30 RLA    
_initChunk                00151D RLA    _initScanner              000A2E RLA    
_initVM                   001879 RLA    _initValueArray           00172D RLA    
_interpret                00189A RLA    _interpretChunk           00187D RLA    
_ltoa                     002CA0 RLA    _main                     0009D3 RLA    
_malloc                   002D47 RLA    _memcmp                   002E55 RLA    
_memcpy                   002E8B RLA    _printValue               001862 RLA    
_printf                   002F8D RLA    _putchar                  003020 RLA    
_puts                     00302C RLA    _read                     003091 RLA    
_realloc                  00310F RLA    _reallocate               0016EE RLA    
_scanToken                000A4B RLA    _sprintf                  0032A4 RLA    
_stderr                   003BE5 RLA    _stdin                    003BE1 RLA    
_stdout                   003BE3 RLA    _strlen                   00330A RLA    
_strlower                 003320 RLA    _ultoa                    002CDF RLA    
_vfprintf                 003404 RLA    _vsprintf                 003507 RLA    
_write                    003519 RLA    _writeChunk               0015B3 RLA    
_writeValueArray          00175B RLA    addeqysp                  002642 RLA    
addysp                    002652 RLA    addysp1                   002651 RLA    
aslax1                    00265F RLA    axlong                    0026FD RLA    
axulong                   002703 RLA    bnega                     00270E RLA    
booleq                    002D21 RLA    callmain                  002718 RLA    
decax1                    00273B RLA    decax2                    002742 RLA    
decax4                    002749 RLA    decsp1                    002750 RLA    
decsp2                    002759 RLA    decsp3                    002766 RLA    
decsp4                    002773 RLA    decsp6                    002780 RLA    
donelib                   00272F RLA    fdtab                     003C1D RLA    
incax2                    002BD9 RLA    incax6                    002BE0 RLA    
incaxy                    002BE7 RLA    incsp1                    002BF0 RLA    
incsp2                    002BFE RLA    incsp3                    002C0C RLA    
incsp4                    002C11 RLA    incsp5                    002C16 RLA    
incsp6                    002C1B RLA    incsp7                    002C20 RLA    
incsp8                    002C25 RLA    initheap                  003C43  LAI   
initlib                   003C53 RLA    initstdin                 003C82  LAI   
initstdout                003C8E  LAI   jmpvec                    003C2D RLA    
ldax0sp                   002C37 RLA    ldaxi                     002C2A RLA    
ldaxidx                   002C2C RLA    ldaxysp                   002C39 RLA    
leaa0sp                   002C40 RLA    mul8x16                   002F1F RLA    
mul8x16a                  002F29 RLA    negax                     002F5B RLA    
negeax                    002C4C RLA    popax                     002BF7 RLA    
popptr1                   002F7F RLA    popsargsudiv16            003284 RLA    
ptr1                      00002A RLZ    ptr2                      00002C RLZ    
ptr3                      00002E RLZ    ptr4                      000030 RLZ    
push1                     002FC0 RLA    pusha                     002FC9 RLA    
pusha0                    002FDD RLA    pushax                    002FDF RLA    
pusheax                   002C71 RLA    pushw                     002FF5 RLA    
pushw0sp                  003004 RLA    pushwidx                  002FF7 RLA    
pushwysp                  003006 RLA    regbank                   000036 RLZ    
regsave                   000026 RLZ    regswap2                  00324E RLA    
return0                   003264 RLA    rwcommon                  003268 RLA    
shlax1                    00265F RLA    sp                        000022 RLZ    
sreg                      000024 RLZ    staspidx                  0032CF RLA    
stax0sp                   0032E5 RLA    staxspidx                 0032F0 RLA    
staxysp                   0032E7 RLA    subeq0sp                  00335C RLA    
subeqysp                  00335E RLA    subysp                    003371 RLA    
tmp1                      000032 RLZ    tmp2                      000033 RLZ    
tmp3                      000034 RLZ    tosadda0                  002628 RLA    
tosaddax                  00262A RLA    tosdivax                  00278F RLA    
tosicmp                   002BAD RLA    tosicmp0                  002BAB RLA    
tosmoda0                  002EC7 RLA    tosmulax                  002ED8 RLA    
tossubax                  00334A RLA    tosudivax                 003380 RLA    
tosumulax                 002ED8 RLA    udiv16                    00338F RLA    
unittab                   003C25 RLA    vsnprintf                 003430 RLA    
zerobss                   00356D RLA    


Exports list by value:
----------------------
__DESTRUCTOR_COUNT__      000000 REA    __STARTUP__               000001 REA    
__EXEHDR__                000001 REA    __LOADADDR__              000001 REA    
__CONSTRUCTOR_COUNT__     000003 REA    sp                        000022 RLZ    
sreg                      000024 RLZ    regsave                   000026 RLZ    
ptr1                      00002A RLZ    ptr2                      00002C RLZ    
ptr3                      00002E RLZ    ptr4                      000030 RLZ    
tmp1                      000032 RLZ    tmp2                      000033 RLZ    
tmp3                      000034 RLZ    regbank                   000036 RLZ    
__BSS_SIZE__              000490 REA    __STACKSIZE__             000800 REA    
__MAIN_START__            00080D RLA    __HEADER_LAST__           00080D RLA    
_exit                     00081A RLA    _main                     0009D3 RLA    
_initScanner              000A2E RLA    _scanToken                000A4B RLA    
_debugToken               000FC5 RLA    _debugPrecedence          0011DA RLA    
_disassembleChunk         001285 RLA    _disassembleInstruction   0012C7 RLA    
_initChunk                00151D RLA    _freeChunk                001564 RLA    
_writeChunk               0015B3 RLA    _addConstant              0016C3 RLA    
_reallocate               0016EE RLA    _initValueArray           00172D RLA    
_writeValueArray          00175B RLA    _freeValueArray           001834 RLA    
_printValue               001862 RLA    _initVM                   001879 RLA    
_freeVM                   00187C RLA    _interpretChunk           00187D RLA    
_interpret                00189A RLA    _compile                  001BA9 RLA    
__directerrno             002262 RLA    __mappederrno             00226B RLA    
__printf                  00236D RLA    __seterrno                00261F RLA    
tosadda0                  002628 RLA    tosaddax                  00262A RLA    
addeqysp                  002642 RLA    addysp1                   002651 RLA    
addysp                    002652 RLA    shlax1                    00265F RLA    
aslax1                    00265F RLA    _atoi                     002667 RLA    
axlong                    0026FD RLA    axulong                   002703 RLA    
bnega                     00270E RLA    callmain                  002718 RLA    
donelib                   00272F RLA    decax1                    00273B RLA    
decax2                    002742 RLA    decax4                    002749 RLA    
decsp1                    002750 RLA    decsp2                    002759 RLA    
decsp3                    002766 RLA    decsp4                    002773 RLA    
decsp6                    002780 RLA    tosdivax                  00278F RLA    
_fgetc                    0027A2 RLA    _fgets                    002826 RLA    
_fprintf                  0028DE RLA    _fputc                    002909 RLA    
_free                     00295D RLA    _fwrite                   002B30 RLA    
tosicmp0                  002BAB RLA    tosicmp                   002BAD RLA    
incax2                    002BD9 RLA    incax6                    002BE0 RLA    
incaxy                    002BE7 RLA    incsp1                    002BF0 RLA    
popax                     002BF7 RLA    incsp2                    002BFE RLA    
incsp3                    002C0C RLA    incsp4                    002C11 RLA    
incsp5                    002C16 RLA    incsp6                    002C1B RLA    
incsp7                    002C20 RLA    incsp8                    002C25 RLA    
ldaxi                     002C2A RLA    ldaxidx                   002C2C RLA    
ldax0sp                   002C37 RLA    ldaxysp                   002C39 RLA    
leaa0sp                   002C40 RLA    negeax                    002C4C RLA    
pusheax                   002C71 RLA    _ltoa                     002CA0 RLA    
_ultoa                    002CDF RLA    booleq                    002D21 RLA    
_malloc                   002D47 RLA    _memcmp                   002E55 RLA    
_memcpy                   002E8B RLA    tosmoda0                  002EC7 RLA    
tosumulax                 002ED8 RLA    tosmulax                  002ED8 RLA    
mul8x16                   002F1F RLA    mul8x16a                  002F29 RLA    
negax                     002F5B RLA    __osmaperrno              002F69 RLA    
popptr1                   002F7F RLA    _printf                   002F8D RLA    
push1                     002FC0 RLA    pusha                     002FC9 RLA    
pusha0                    002FDD RLA    pushax                    002FDF RLA    
pushw                     002FF5 RLA    pushwidx                  002FF7 RLA    
pushw0sp                  003004 RLA    pushwysp                  003006 RLA    
_putchar                  003020 RLA    _puts                     00302C RLA    
_read                     003091 RLA    _realloc                  00310F RLA    
regswap2                  00324E RLA    return0                   003264 RLA    
rwcommon                  003268 RLA    popsargsudiv16            003284 RLA    
_sprintf                  0032A4 RLA    staspidx                  0032CF RLA    
stax0sp                   0032E5 RLA    staxysp                   0032E7 RLA    
staxspidx                 0032F0 RLA    _strlen                   00330A RLA    
_strlower                 003320 RLA    tossubax                  00334A RLA    
subeq0sp                  00335C RLA    subeqysp                  00335E RLA    
subysp                    003371 RLA    tosudivax                 003380 RLA    
udiv16                    00338F RLA    _vfprintf                 003404 RLA    
vsnprintf                 003430 RLA    _vsprintf                 003507 RLA    
_write                    003519 RLA    zerobss                   00356D RLA    
__hextab                  003A51 RLA    __longminstr              003A61 RLA    
__ctype                   003A6D RLA    __DESTRUCTOR_TABLE__      003BC9 RLA    
_stdin                    003BE1 RLA    _stdout                   003BE3 RLA    
_stderr                   003BE5 RLA    __heapptr                 003BE9 RLA    
__heapend                 003BEB RLA    __heapfirst               003BED RLA    
__heaplast                003BEF RLA    fdtab                     003C1D RLA    
unittab                   003C25 RLA    jmpvec                    003C2D RLA    
__BSS_RUN__               003C43 RLA    __ONCE_RUN__              003C43 RLA    
initheap                  003C43  LAI   initlib                   003C53 RLA    
initstdin                 003C82  LAI   initstdout                003C8E  LAI   
__CONSTRUCTOR_TABLE__     003C9F RLA    __oserror                 00409F RLA    
__errno                   0040CB RLA    __MAIN_SIZE__             0096F3 REA    
__HIMEM__                 009F00 REA    READST                    00FFB7 RLA    
SETLFS                    00FFBA RLA    OPEN                      00FFC0 RLA    
CHKIN                     00FFC6 RLA    CKOUT                     00FFC9 RLA    
CLRCH                     00FFCC RLA    BASIN                     00FFCF RLA    
CHROUT                    00FFD2 RLA    BSOUT                     00FFD2 RLA    
_cbm_k_bsout              00FFD2 REA    


Imports list:
-------------
BASIN (kernal.o):
    read.o                    cbm/cbm.inc(47)
BSOUT (kernal.o):
    read.o                    cbm/cbm.inc(49)
    write.o                   cbm/cbm.inc(49)
    c_bsout.o                 cbm/cbm.inc(49)
CHKIN (kernal.o):
    read.o                    cbm/cbm.inc(44)
CHROUT (kernal.o):
    crt0.o                    cx16/crt0.s(10)
CKOUT (kernal.o):
    write.o                   cbm/cbm.inc(45)
CLRCH (kernal.o):
    read.o                    cbm/cbm.inc(46)
    write.o                   cbm/cbm.inc(46)
OPEN (kernal.o):
    read.o                    cbm/cbm.inc(35)
    write.o                   cbm/cbm.inc(35)
READST (kernal.o):
    read.o                    cbm/cbm.inc(32)
    write.o                   cbm/cbm.inc(32)
SETLFS (kernal.o):
    read.o                    cbm/cbm.inc(33)
    write.o                   cbm/cbm.inc(33)
__BSS_RUN__ ([linker generated]):
    _heap.o                   common/_heap.s(8)
    zerobss.o                 common/zerobss.s(8)
__BSS_SIZE__ ([linker generated]):
    _heap.o                   common/_heap.s(8)
    zerobss.o                 common/zerobss.s(8)
__CONSTRUCTOR_COUNT__ ([linker generated]):
    condes.o                  runtime/condes.s(18)
__CONSTRUCTOR_TABLE__ ([linker generated]):
    condes.o                  runtime/condes.s(18)
__DESTRUCTOR_COUNT__ ([linker generated]):
    condes.o                  runtime/condes.s(19)
__DESTRUCTOR_TABLE__ ([linker generated]):
    condes.o                  runtime/condes.s(19)
__EXEHDR__ (exehdr.o):
    [linker generated]        /Users/rje/git/cc65/cfg/cx16.cfg(6)
__HEADER_LAST__ ([linker generated]):
    [linker generated]        /Users/rje/git/cc65/cfg/cx16.cfg(14)
    [linker generated]        /Users/rje/git/cc65/cfg/cx16.cfg(14)
__HIMEM__ ([linker generated]):
    [linker generated]        /Users/rje/git/cc65/cfg/cx16.cfg(15)
    [linker generated]        /Users/rje/git/cc65/cfg/cx16.cfg(14)
__LOADADDR__ (loadaddr.o):
    [linker generated]        /Users/rje/git/cc65/cfg/cx16.cfg(5)
__MAIN_SIZE__ ([linker generated]):
    crt0.o                    cx16/crt0.s(11)
__MAIN_START__ ([linker generated]):
    crt0.o                    cx16/crt0.s(11)
__ONCE_RUN__ ([linker generated]):
    [linker generated]        /Users/rje/git/cc65/cfg/cx16.cfg(15)
    [linker generated]        /Users/rje/git/cc65/cfg/cx16.cfg(15)
__STACKSIZE__ ([linker generated]):
    _heap.o                   common/_heap.s(8)
    [linker generated]        /Users/rje/git/cc65/cfg/cx16.cfg(15)
__STARTUP__ (crt0.o):
    main.o                    main.s(13)
__ctype (ctype.o):
    strlower.o                common/strlower.s(13)
    atoi.o                    common/atoi.s(9)
__directerrno (_directerrno.o):
    vsnprintf.o               /Users/rje/git/cc65/asminc/errno.inc(10)
    read.o                    /Users/rje/git/cc65/asminc/errno.inc(10)
    write.o                   /Users/rje/git/cc65/asminc/errno.inc(10)
__errno (errno.o):
    _seterrno.o               /Users/rje/git/cc65/asminc/errno.inc(7)
__heapend (_heap.o):
    malloc.o                  /Users/rje/git/cc65/asminc/_heap.inc(33)
    realloc.o                 ../libwrk/cx16/realloc.s(18)
__heapfirst (_heap.o):
    malloc.o                  /Users/rje/git/cc65/asminc/_heap.inc(34)
    free.o                    /Users/rje/git/cc65/asminc/_heap.inc(34)
__heaplast (_heap.o):
    malloc.o                  /Users/rje/git/cc65/asminc/_heap.inc(35)
    free.o                    /Users/rje/git/cc65/asminc/_heap.inc(35)
__heapptr (_heap.o):
    malloc.o                  /Users/rje/git/cc65/asminc/_heap.inc(32)
    realloc.o                 ../libwrk/cx16/realloc.s(17)
    free.o                    /Users/rje/git/cc65/asminc/_heap.inc(32)
__hextab (_hextab.o):
    ltoa.o                    common/ltoa.s(10)
__longminstr (_longminstr.o):
    ltoa.o                    common/ltoa.s(10)
__mappederrno (_mappederrno.o):
    read.o                    /Users/rje/git/cc65/asminc/errno.inc(10)
    write.o                   /Users/rje/git/cc65/asminc/errno.inc(10)
__oserror (_oserror.o):
    read.o                    /Users/rje/git/cc65/asminc/errno.inc(7)
    _mappederrno.o            /Users/rje/git/cc65/asminc/errno.inc(7)
    _directerrno.o            /Users/rje/git/cc65/asminc/errno.inc(7)
    write.o                   /Users/rje/git/cc65/asminc/errno.inc(7)
__osmaperrno (oserror.o):
    _mappederrno.o            /Users/rje/git/cc65/asminc/errno.inc(8)
__printf (_printf.o):
    vsnprintf.o               common/vsnprintf.s(10)
    vfprintf.o                common/vfprintf.s(10)
__seterrno (_seterrno.o):
    fwrite.o                  /Users/rje/git/cc65/asminc/errno.inc(9)
    _mappederrno.o            /Users/rje/git/cc65/asminc/errno.inc(9)
    _directerrno.o            /Users/rje/git/cc65/asminc/errno.inc(9)
    fgets.o                   ../libwrk/cx16/fgets.s(15)
_addConstant (chunk.o):
    compiler.o                compiler.s(18)
    main.o                    main.s(23)
_atoi (atoi.o):
    compiler.o                compiler.s(16)
_cbm_k_bsout (c_bsout.o):
    main.o                    main.s(19)
_compile (compiler.o):
    vm.o                      vm.s(24)
_debugPrecedence (debug.o):
    compiler.o                compiler.s(23)
_debugToken (debug.o):
    compiler.o                compiler.s(22)
    scanner.o                 scanner.s(18)
_disassembleChunk (debug.o):
    compiler.o                compiler.s(24)
_disassembleInstruction (debug.o):
    vm.o                      vm.s(25)
_exit (crt0.o):
    memory.o                  memory.s(15)
_fgetc (fgetc.o):
    fgets.o                   ../libwrk/cx16/fgets.s(13)
_fgets (fgets.o):
    main.o                    main.s(15)
_fprintf (fprintf.o):
    compiler.o                compiler.s(14)
_fputc (fputc.o):
    putchar.o                 common/putchar.s(10)
_free (free.o):
    realloc.o                 ../libwrk/cx16/realloc.s(15)
    memory.o                  memory.s(14)
_freeChunk (chunk.o):
    vm.o                      vm.s(17)
    main.o                    main.s(21)
_freeVM (vm.o):
    main.o                    main.s(25)
_freeValueArray (value.o):
    chunk.o                   chunk.s(16)
_fwrite (fwrite.o):
    vfprintf.o                common/vfprintf.s(10)
_initChunk (chunk.o):
    vm.o                      vm.s(16)
    main.o                    main.s(20)
_initScanner (scanner.o):
    compiler.o                compiler.s(20)
_initVM (vm.o):
    main.o                    main.s(24)
_initValueArray (value.o):
    chunk.o                   chunk.s(14)
_interpret (vm.o):
    main.o                    main.s(27)
_interpretChunk (vm.o):
    main.o                    main.s(26)
_ltoa (ltoa.o):
    _printf.o                 common/_printf.s(12)
_main (main.o):
    callmain.o                runtime/callmain.s(11)
_malloc (malloc.o):
    realloc.o                 ../libwrk/cx16/realloc.s(13)
_memcmp (memcmp.o):
    scanner.o                 scanner.s(15)
_memcpy (memcpy.o):
    vsnprintf.o               common/vsnprintf.s(10)
    realloc.o                 ../libwrk/cx16/realloc.s(16)
_printValue (value.o):
    vm.o                      vm.s(15)
    debug.o                   debug.s(15)
_printf (printf.o):
    compiler.o                compiler.s(15)
    vm.o                      vm.s(13)
    value.o                   value.s(13)
    debug.o                   debug.s(13)
    scanner.o                 scanner.s(13)
    main.o                    main.s(16)
_putchar (putchar.o):
    main.o                    main.s(17)
_puts (puts.o):
    vm.o                      vm.s(14)
    main.o                    main.s(18)
_read (read.o):
    fgetc.o                   ../libwrk/cx16/fgetc.s(14)
_realloc (realloc.o):
    memory.o                  memory.s(13)
_reallocate (memory.o):
    value.o                   value.s(14)
    chunk.o                   chunk.s(13)
_scanToken (scanner.o):
    compiler.o                compiler.s(21)
_sprintf (sprintf.o):
    debug.o                   debug.s(14)
_stderr (_file.o):
    compiler.o                compiler.s(13)
_stdin (_file.o):
    main.o                    main.s(14)
_stdout (_file.o):
    puts.o                    ../libwrk/cx16/puts.s(13)
    putchar.o                 common/putchar.s(9)
    printf.o                  common/printf.s(8)
_strlen (strlen.o):
    _printf.o                 common/_printf.s(13)
    puts.o                    ../libwrk/cx16/puts.s(15)
    scanner.o                 scanner.s(14)
_strlower (strlower.o):
    _printf.o                 common/_printf.s(13)
_ultoa (ltoa.o):
    _printf.o                 common/_printf.s(12)
_vfprintf (vfprintf.o):
    printf.o                  common/printf.s(8)
    fprintf.o                 common/fprintf.s(8)
_vsprintf (vsprintf.o):
    sprintf.o                 common/sprintf.s(8)
_write (write.o):
    fwrite.o                  common/fwrite.s(10)
    fputc.o                   ../libwrk/cx16/fputc.s(14)
    puts.o                    ../libwrk/cx16/puts.s(16)
_writeChunk (chunk.o):
    compiler.o                compiler.s(17)
    main.o                    main.s(22)
_writeValueArray (value.o):
    chunk.o                   chunk.s(15)
addeqysp (addeqsp.o):
    fgets.o                   ../libwrk/cx16/fgets.s(112)
    vm.o                      vm.s(481)
addysp (addysp.o):
    fwrite.o                  common/fwrite.s(11)
    sprintf.o                 common/sprintf.s(8)
    realloc.o                 ../libwrk/cx16/realloc.s(191)
    printf.o                  common/printf.s(8)
    incsp8.o                  runtime/incsp8.s(8)
    incsp7.o                  runtime/incsp7.s(8)
    incsp6.o                  runtime/incsp6.s(8)
    incsp5.o                  runtime/incsp5.s(8)
    incsp4.o                  runtime/incsp4.s(8)
    incsp3.o                  runtime/incsp3.s(8)
    fprintf.o                 common/fprintf.s(8)
    fgets.o                   ../libwrk/cx16/fgets.s(112)
    vm.o                      vm.s(481)
    main.o                    main.s(326)
addysp1 (addysp.o):
    sub.o                     runtime/sub.s(8)
aslax1 (aslax1.o):
    compiler.o                compiler.s(1090)
axlong (axlong.o):
    _printf.o                 common/_printf.s(11)
axulong (axlong.o):
    _printf.o                 common/_printf.s(11)
bnega (bneg.o):
    compiler.o                compiler.s(1090)
booleq (makebool.o):
    scanner.o                 scanner.s(911)
    scanner.o                 scanner.s(911)
callmain (callmain.o):
    crt0.o                    cx16/crt0.s(9)
decax1 (decax1.o):
    chunk.o                   chunk.s(272)
    debug.o                   debug.s(802)
decax2 (decax2.o):
    vm.o                      vm.s(481)
decax4 (decax4.o):
    realloc.o                 ../libwrk/cx16/realloc.s(191)
decsp1 (decsp1.o):
    fgetc.o                   ../libwrk/cx16/fgetc.s(94)
    compiler.o                compiler.s(1090)
    debug.o                   debug.s(802)
    scanner.o                 scanner.s(911)
    scanner.o                 scanner.s(911)
decsp2 (decsp2.o):
    memory.o                  memory.s(57)
    debug.o                   debug.s(802)
    debug.o                   debug.s(802)
decsp3 (decsp3.o):
    vm.o                      vm.s(481)
decsp4 (decsp4.o):
    lpush.o                   runtime/lpush.s(12)
    sprintf.o                 common/sprintf.s(8)
    fprintf.o                 common/fprintf.s(8)
    fgets.o                   ../libwrk/cx16/fgets.s(112)
    scanner.o                 scanner.s(911)
    scanner.o                 scanner.s(911)
decsp6 (decsp6.o):
    _printf.o                 common/_printf.s(11)
    realloc.o                 ../libwrk/cx16/realloc.s(191)
donelib (condes.o):
    crt0.o                    cx16/crt0.s(8)
fdtab (filedes.o):
    read.o                    cbm/filedes.inc(7)
    write.o                   cbm/filedes.inc(7)
incax2 (incax2.o):
    vm.o                      vm.s(481)
    vm.o                      vm.s(481)
    debug.o                   debug.s(802)
incax6 (incax6.o):
    chunk.o                   chunk.s(272)
    chunk.o                   chunk.s(272)
    chunk.o                   chunk.s(272)
incaxy (incaxy.o):
    incax6.o                  runtime/incax6.s(8)
incsp1 (incsp1.o):
    compiler.o                compiler.s(1090)
    compiler.o                compiler.s(1090)
    compiler.o                compiler.s(1090)
    compiler.o                compiler.s(1090)
    vm.o                      vm.s(481)
    scanner.o                 scanner.s(911)
    scanner.o                 scanner.s(911)
    scanner.o                 scanner.s(911)
    scanner.o                 scanner.s(911)
    scanner.o                 scanner.s(911)
    scanner.o                 scanner.s(911)
incsp2 (incsp2.o):
    vsnprintf.o               common/vsnprintf.s(9)
    staxspi.o                 runtime/staxspi.s(9)
    staspidx.o                runtime/staspidx.s(8)
    puts.o                    ../libwrk/cx16/puts.s(78)
    popptr1.o                 runtime/popptr1.s(8)
    compiler.o                compiler.s(1090)
    compiler.o                compiler.s(1090)
    compiler.o                compiler.s(1090)
    compiler.o                compiler.s(1090)
    compiler.o                compiler.s(1090)
    compiler.o                compiler.s(1090)
    compiler.o                compiler.s(1090)
    vm.o                      vm.s(481)
    vm.o                      vm.s(481)
    vm.o                      vm.s(481)
    value.o                   value.s(227)
    value.o                   value.s(227)
    value.o                   value.s(227)
    value.o                   value.s(227)
    chunk.o                   chunk.s(272)
    chunk.o                   chunk.s(272)
    chunk.o                   chunk.s(272)
    scanner.o                 scanner.s(911)
    main.o                    main.s(326)
incsp3 (incsp3.o):
    fgetc.o                   ../libwrk/cx16/fgetc.s(94)
    compiler.o                compiler.s(1090)
    compiler.o                compiler.s(1090)
    vm.o                      vm.s(481)
incsp4 (incsp4.o):
    fputc.o                   ../libwrk/cx16/fputc.s(73)
    compiler.o                compiler.s(1090)
    compiler.o                compiler.s(1090)
    compiler.o                compiler.s(1090)
    vm.o                      vm.s(481)
    value.o                   value.s(227)
    chunk.o                   chunk.s(272)
    chunk.o                   chunk.s(272)
    debug.o                   debug.s(802)
incsp5 (incsp5.o):
    debug.o                   debug.s(802)
    debug.o                   debug.s(802)
    scanner.o                 scanner.s(911)
incsp6 (incsp6.o):
    vsnprintf.o               common/vsnprintf.s(9)
    fwrite.o                  common/fwrite.s(11)
    vfprintf.o                common/vfprintf.s(9)
    debug.o                   debug.s(802)
    debug.o                   debug.s(802)
    scanner.o                 scanner.s(911)
incsp7 (incsp7.o):
    debug.o                   debug.s(802)
    scanner.o                 scanner.s(911)
incsp8 (incsp8.o):
    memory.o                  memory.s(57)
initlib (condes.o):
    crt0.o                    cx16/crt0.s(8)
jmpvec (jmpvec.o):
    compiler.o                compiler.s(1090)
ldax0sp (ldaxsp.o):
    realloc.o                 ../libwrk/cx16/realloc.s(191)
    compiler.o                compiler.s(1090)
    compiler.o                compiler.s(1090)
    compiler.o                compiler.s(1090)
    compiler.o                compiler.s(1090)
    vm.o                      vm.s(481)
    vm.o                      vm.s(481)
    vm.o                      vm.s(481)
    value.o                   value.s(227)
    value.o                   value.s(227)
    value.o                   value.s(227)
    memory.o                  memory.s(57)
    chunk.o                   chunk.s(272)
    chunk.o                   chunk.s(272)
    chunk.o                   chunk.s(272)
    debug.o                   debug.s(802)
    debug.o                   debug.s(802)
    scanner.o                 scanner.s(911)
ldaxi (ldaxi.o):
    compiler.o                compiler.s(1090)
    vm.o                      vm.s(481)
    debug.o                   debug.s(802)
ldaxidx (ldaxi.o):
    realloc.o                 ../libwrk/cx16/realloc.s(191)
    compiler.o                compiler.s(1090)
    compiler.o                compiler.s(1090)
    vm.o                      vm.s(481)
    vm.o                      vm.s(481)
    vm.o                      vm.s(481)
    vm.o                      vm.s(481)
    value.o                   value.s(227)
    debug.o                   debug.s(802)
    debug.o                   debug.s(802)
ldaxysp (ldaxsp.o):
    vsnprintf.o               common/vsnprintf.s(9)
    fwrite.o                  common/fwrite.s(11)
    realloc.o                 ../libwrk/cx16/realloc.s(191)
    puts.o                    ../libwrk/cx16/puts.s(78)
    fgets.o                   ../libwrk/cx16/fgets.s(112)
    compiler.o                compiler.s(1090)
    compiler.o                compiler.s(1090)
    compiler.o                compiler.s(1090)
    compiler.o                compiler.s(1090)
    compiler.o                compiler.s(1090)
    compiler.o                compiler.s(1090)
    compiler.o                compiler.s(1090)
    vm.o                      vm.s(481)
    value.o                   value.s(227)
    value.o                   value.s(227)
    memory.o                  memory.s(57)
    chunk.o                   chunk.s(272)
    chunk.o                   chunk.s(272)
    chunk.o                   chunk.s(272)
    debug.o                   debug.s(802)
    debug.o                   debug.s(802)
    debug.o                   debug.s(802)
    debug.o                   debug.s(802)
    scanner.o                 scanner.s(911)
    scanner.o                 scanner.s(911)
leaa0sp (leaaxsp.o):
    fputc.o                   ../libwrk/cx16/fputc.s(73)
    fgetc.o                   ../libwrk/cx16/fgetc.s(94)
    vm.o                      vm.s(481)
mul8x16 (mul8.o):
    mul.o                     runtime/mul.s(8)
mul8x16a (mul8.o):
    mul.o                     runtime/mul.s(8)
negax (negabs.o):
    shelp.o                   runtime/shelp.s(11)
    mod.o                     runtime/mod.s(11)
    div.o                     runtime/div.s(11)
    vm.o                      vm.s(481)
negeax (lneg.o):
    ltoa.o                    common/ltoa.s(9)
    atoi.o                    common/atoi.s(9)
popax (incsp2.o):
    vsnprintf.o               common/vsnprintf.s(9)
    rwcommon.o                cbm/rwcommon.s(9)
    memcpy.o                  common/memcpy.s(14)
    ltoa.o                    common/ltoa.s(9)
    _printf.o                 common/_printf.s(11)
    shelp.o                   runtime/shelp.s(11)
    memcmp.o                  common/memcmp.s(8)
popptr1 (popptr1.o):
    rwcommon.o                cbm/rwcommon.s(9)
    memcpy.o                  common/memcpy.s(14)
    ltoa.o                    common/ltoa.s(9)
    udiv.o                    runtime/udiv.s(9)
    mul8.o                    runtime/mul8.s(9)
    mul.o                     runtime/mul.s(9)
    memcmp.o                  common/memcmp.s(8)
popsargsudiv16 (shelp.o):
    mod.o                     runtime/mod.s(11)
    div.o                     runtime/div.s(11)
ptr1 (zeropage.o):
    vsnprintf.o               common/vsnprintf.s(11)
    strlower.o                common/strlower.s(14)
    read.o                    cbm/read.s(13)
    memcpy.o                  common/memcpy.s(15)
    malloc.o                  common/malloc.s(108)
    ltoa.o                    common/ltoa.s(11)
    fwrite.o                  common/fwrite.s(14)
    _printf.o                 /Users/rje/git/cc65/asminc/zeropage.inc(12)
    zerobss.o                 common/zerobss.s(9)
    write.o                   cbm/write.s(11)
    vfprintf.o                common/vfprintf.s(11)
    udiv.o                    runtime/udiv.s(10)
    staxspi.o                 runtime/staxspi.s(10)
    staspidx.o                runtime/staspidx.s(9)
    sprintf.o                 common/sprintf.s(9)
    shelp.o                   runtime/shelp.s(12)
    puts.o                    ../libwrk/cx16/puts.s(11)
    pushw.o                   runtime/pushw.s(9)
    printf.o                  common/printf.s(9)
    popptr1.o                 runtime/popptr1.s(9)
    mul8.o                    runtime/mul8.s(10)
    mul.o                     runtime/mul.s(10)
    memcmp.o                  common/memcmp.s(9)
    ldaxi.o                   runtime/ldaxi.s(8)
    free.o                    common/free.s(62)
    fprintf.o                 common/fprintf.s(9)
    div.o                     runtime/div.s(12)
    atoi.o                    common/atoi.s(10)
    compiler.o                compiler.s(11)
    vm.o                      vm.s(11)
    value.o                   value.s(11)
    chunk.o                   chunk.s(11)
    debug.o                   debug.s(11)
    scanner.o                 scanner.s(11)
ptr2 (zeropage.o):
    strlower.o                common/strlower.s(14)
    rwcommon.o                cbm/rwcommon.s(10)
    read.o                    cbm/read.s(13)
    memcpy.o                  common/memcpy.s(15)
    malloc.o                  common/malloc.s(108)
    ltoa.o                    common/ltoa.s(11)
    _printf.o                 /Users/rje/git/cc65/asminc/zeropage.inc(12)
    write.o                   cbm/write.s(11)
    strlen.o                  common/strlen.s(12)
    memcmp.o                  common/memcmp.s(9)
    free.o                    common/free.s(62)
    atoi.o                    common/atoi.s(10)
ptr3 (zeropage.o):
    rwcommon.o                cbm/rwcommon.s(10)
    read.o                    cbm/read.s(13)
    memcpy.o                  common/memcpy.s(15)
    malloc.o                  common/malloc.s(108)
    ltoa.o                    common/ltoa.s(11)
    write.o                   cbm/write.s(11)
    memcmp.o                  common/memcmp.s(9)
    free.o                    common/free.s(62)
ptr4 (zeropage.o):
    udiv.o                    runtime/udiv.s(10)
    shelp.o                   runtime/shelp.s(12)
    mul8.o                    runtime/mul8.s(10)
    mul.o                     runtime/mul.s(10)
    free.o                    common/free.s(62)
push1 (push1.o):
    _printf.o                 common/_printf.s(11)
    vfprintf.o                common/vfprintf.s(9)
pusha (pusha.o):
    compiler.o                compiler.s(1090)
    compiler.o                compiler.s(1090)
    compiler.o                compiler.s(1090)
    compiler.o                compiler.s(1090)
    compiler.o                compiler.s(1090)
    compiler.o                compiler.s(1090)
    compiler.o                compiler.s(1090)
    compiler.o                compiler.s(1090)
    vm.o                      vm.s(481)
    chunk.o                   chunk.s(272)
    debug.o                   debug.s(802)
    scanner.o                 scanner.s(911)
    scanner.o                 scanner.s(911)
    scanner.o                 scanner.s(911)
    scanner.o                 scanner.s(911)
    scanner.o                 scanner.s(911)
    scanner.o                 scanner.s(911)
    main.o                    main.s(326)
pusha0 (pushax.o):
    push1.o                   runtime/push1.s(8)
    fputc.o                   ../libwrk/cx16/fputc.s(73)
    fgetc.o                   ../libwrk/cx16/fgetc.s(94)
    puts.o                    ../libwrk/cx16/puts.s(78)
    compiler.o                compiler.s(1090)
    compiler.o                compiler.s(1090)
    compiler.o                compiler.s(1090)
    vm.o                      vm.s(481)
    value.o                   value.s(227)
    chunk.o                   chunk.s(272)
    chunk.o                   chunk.s(272)
    debug.o                   debug.s(802)
    debug.o                   debug.s(802)
    debug.o                   debug.s(802)
    debug.o                   debug.s(802)
    scanner.o                 scanner.s(911)
    scanner.o                 scanner.s(911)
    main.o                    main.s(326)
pushax (pushax.o):
    fwrite.o                  common/fwrite.s(11)
    fputc.o                   ../libwrk/cx16/fputc.s(73)
    fgetc.o                   ../libwrk/cx16/fgetc.s(94)
    callmain.o                runtime/callmain.s(11)
    _printf.o                 common/_printf.s(11)
    realloc.o                 ../libwrk/cx16/realloc.s(191)
    puts.o                    ../libwrk/cx16/puts.s(78)
    putchar.o                 common/putchar.s(8)
    pushw.o                   runtime/pushw.s(8)
    printf.o                  common/printf.s(8)
    fgets.o                   ../libwrk/cx16/fgets.s(112)
    compiler.o                compiler.s(1090)
    compiler.o                compiler.s(1090)
    compiler.o                compiler.s(1090)
    compiler.o                compiler.s(1090)
    compiler.o                compiler.s(1090)
    compiler.o                compiler.s(1090)
    compiler.o                compiler.s(1090)
    compiler.o                compiler.s(1090)
    compiler.o                compiler.s(1090)
    compiler.o                compiler.s(1090)
    compiler.o                compiler.s(1090)
    compiler.o                compiler.s(1090)
    compiler.o                compiler.s(1090)
    vm.o                      vm.s(481)
    vm.o                      vm.s(481)
    vm.o                      vm.s(481)
    vm.o                      vm.s(481)
    value.o                   value.s(227)
    value.o                   value.s(227)
    value.o                   value.s(227)
    value.o                   value.s(227)
    memory.o                  memory.s(57)
    chunk.o                   chunk.s(272)
    chunk.o                   chunk.s(272)
    chunk.o                   chunk.s(272)
    chunk.o                   chunk.s(272)
    debug.o                   debug.s(802)
    debug.o                   debug.s(802)
    debug.o                   debug.s(802)
    debug.o                   debug.s(802)
    debug.o                   debug.s(802)
    debug.o                   debug.s(802)
    scanner.o                 scanner.s(911)
    scanner.o                 scanner.s(911)
    scanner.o                 scanner.s(911)
    scanner.o                 scanner.s(911)
    scanner.o                 scanner.s(911)
    main.o                    main.s(326)
    main.o                    main.s(326)
pusheax (lpush.o):
    _printf.o                 common/_printf.s(11)
pushw (pushw.o):
    compiler.o                compiler.s(1090)
    compiler.o                compiler.s(1090)
    vm.o                      vm.s(481)
pushw0sp (pushwsp.o):
    vsprintf.o                common/vsprintf.s(8)
    vm.o                      vm.s(481)
pushwidx (pushw.o):
    compiler.o                compiler.s(1090)
    compiler.o                compiler.s(1090)
    vm.o                      vm.s(481)
    value.o                   value.s(227)
    value.o                   value.s(227)
    chunk.o                   chunk.s(272)
    chunk.o                   chunk.s(272)
    debug.o                   debug.s(802)
pushwysp (pushwsp.o):
    fwrite.o                  common/fwrite.s(11)
    vfprintf.o                common/vfprintf.s(9)
    realloc.o                 ../libwrk/cx16/realloc.s(191)
    puts.o                    ../libwrk/cx16/puts.s(78)
    compiler.o                compiler.s(1090)
    compiler.o                compiler.s(1090)
    vm.o                      vm.s(481)
    vm.o                      vm.s(481)
    value.o                   value.s(227)
    value.o                   value.s(227)
    memory.o                  memory.s(57)
    chunk.o                   chunk.s(272)
    debug.o                   debug.s(802)
    debug.o                   debug.s(802)
    debug.o                   debug.s(802)
    debug.o                   debug.s(802)
    debug.o                   debug.s(802)
    debug.o                   debug.s(802)
    scanner.o                 scanner.s(911)
    scanner.o                 scanner.s(911)
regbank (zeropage.o):
    fputc.o                   ../libwrk/cx16/fputc.s(10)
    fgetc.o                   ../libwrk/cx16/fgetc.s(10)
    _printf.o                 /Users/rje/git/cc65/asminc/zeropage.inc(14)
    regswap2.o                runtime/regswap2.s(8)
    realloc.o                 ../libwrk/cx16/realloc.s(10)
    fgets.o                   ../libwrk/cx16/fgets.s(10)
regsave (zeropage.o):
    vm.o                      vm.s(10)
regswap2 (regswap2.o):
    fputc.o                   ../libwrk/cx16/fputc.s(73)
    fgetc.o                   ../libwrk/cx16/fgetc.s(94)
    realloc.o                 ../libwrk/cx16/realloc.s(191)
    fgets.o                   ../libwrk/cx16/fgets.s(112)
return0 (return0.o):
    memcmp.o                  common/memcmp.s(8)
rwcommon (rwcommon.o):
    read.o                    cbm/read.s(11)
    write.o                   cbm/write.s(10)
shlax1 (aslax1.o):
    value.o                   value.s(227)
sp (zeropage.o):
    vsnprintf.o               common/vsnprintf.s(11)
    memcpy.o                  common/memcpy.s(15)
    lpush.o                   runtime/lpush.s(13)
    fputc.o                   ../libwrk/cx16/fputc.s(10)
    fgetc.o                   ../libwrk/cx16/fgetc.s(10)
    decsp6.o                  runtime/decsp6.s(8)
    _printf.o                 /Users/rje/git/cc65/asminc/zeropage.inc(11)
    _heap.o                   common/_heap.s(9)
    vfprintf.o                common/vfprintf.s(11)
    subysp.o                  runtime/subysp.s(9)
    subeqsp.o                 runtime/subeqsp.s(8)
    sub.o                     runtime/sub.s(9)
    staxspi.o                 runtime/staxspi.s(10)
    staxsp.o                  runtime/staxsp.s(8)
    staspidx.o                runtime/staspidx.s(9)
    sprintf.o                 common/sprintf.s(9)
    regswap2.o                runtime/regswap2.s(8)
    realloc.o                 ../libwrk/cx16/realloc.s(10)
    pushwsp.o                 runtime/pushwsp.s(8)
    pushax.o                  runtime/pushax.s(8)
    pusha.o                   runtime/pusha.s(8)
    printf.o                  common/printf.s(9)
    popptr1.o                 runtime/popptr1.s(9)
    leaaxsp.o                 runtime/leaaxsp.s(8)
    ldaxsp.o                  runtime/ldaxsp.s(8)
    incsp2.o                  runtime/incsp2.s(8)
    incsp1.o                  runtime/incsp1.s(8)
    icmp.o                    runtime/icmp.s(9)
    fprintf.o                 common/fprintf.s(9)
    fgets.o                   ../libwrk/cx16/fgets.s(10)
    decsp4.o                  runtime/decsp4.s(8)
    decsp3.o                  runtime/decsp3.s(8)
    decsp2.o                  runtime/decsp2.s(8)
    decsp1.o                  runtime/decsp1.s(8)
    crt0.o                    /Users/rje/git/cc65/asminc/zeropage.inc(11)
    addysp.o                  runtime/addysp.s(8)
    addeqsp.o                 runtime/addeqsp.s(8)
    add.o                     runtime/add.s(12)
    compiler.o                compiler.s(10)
    vm.o                      vm.s(10)
    value.o                   value.s(10)
    memory.o                  memory.s(10)
    chunk.o                   chunk.s(10)
    debug.o                   debug.s(10)
    scanner.o                 scanner.s(10)
    main.o                    main.s(10)
sreg (zeropage.o):
    ltoa.o                    common/ltoa.s(11)
    lpush.o                   runtime/lpush.s(13)
    axlong.o                  runtime/axlong.s(9)
    _printf.o                 /Users/rje/git/cc65/asminc/zeropage.inc(11)
    udiv.o                    runtime/udiv.s(10)
    mod.o                     runtime/mod.s(12)
    lneg.o                    runtime/lneg.s(11)
    icmp.o                    runtime/icmp.s(9)
    atoi.o                    common/atoi.s(10)
    value.o                   value.s(10)
staspidx (staspidx.o):
    value.o                   value.s(227)
    chunk.o                   chunk.s(272)
stax0sp (staxsp.o):
    realloc.o                 ../libwrk/cx16/realloc.s(191)
    fgets.o                   ../libwrk/cx16/fgets.s(112)
    vm.o                      vm.s(481)
    memory.o                  memory.s(57)
    debug.o                   debug.s(802)
    debug.o                   debug.s(802)
    debug.o                   debug.s(802)
staxspidx (staxspi.o):
    value.o                   value.s(227)
    chunk.o                   chunk.s(272)
staxysp (staxsp.o):
    vsprintf.o                common/vsprintf.s(8)
    realloc.o                 ../libwrk/cx16/realloc.s(191)
    fgets.o                   ../libwrk/cx16/fgets.s(112)
    scanner.o                 scanner.s(911)
    scanner.o                 scanner.s(911)
    main.o                    main.s(326)
subeq0sp (subeqsp.o):
    compiler.o                compiler.s(1090)
    vm.o                      vm.s(481)
subeqysp (subeqsp.o):
    realloc.o                 ../libwrk/cx16/realloc.s(191)
    fgets.o                   ../libwrk/cx16/fgets.s(112)
subysp (subysp.o):
    vm.o                      vm.s(481)
    main.o                    main.s(326)
tmp1 (zeropage.o):
    read.o                    cbm/read.s(13)
    ltoa.o                    common/ltoa.s(11)
    _printf.o                 /Users/rje/git/cc65/asminc/zeropage.inc(13)
    staxspi.o                 runtime/staxspi.s(10)
    staspidx.o                runtime/staspidx.s(9)
    shelp.o                   runtime/shelp.s(12)
    realloc.o                 ../libwrk/cx16/realloc.s(11)
    mul.o                     runtime/mul.s(10)
    mod.o                     runtime/mod.s(12)
    incaxy.o                  runtime/incaxy.s(8)
    fgets.o                   ../libwrk/cx16/fgets.s(11)
    div.o                     runtime/div.s(12)
    atoi.o                    common/atoi.s(10)
    aslax1.o                  runtime/aslax1.s(8)
    compiler.o                compiler.s(11)
    vm.o                      vm.s(11)
    scanner.o                 scanner.s(11)
    main.o                    main.s(11)
tmp2 (zeropage.o):
    rwcommon.o                cbm/rwcommon.s(10)
    read.o                    cbm/read.s(13)
    shelp.o                   runtime/shelp.s(12)
    div.o                     runtime/div.s(12)
tmp3 (zeropage.o):
    read.o                    cbm/read.s(13)
tosadda0 (add.o):
    chunk.o                   chunk.s(272)
tosaddax (add.o):
    vm.o                      vm.s(481)
tosdivax (div.o):
    vm.o                      vm.s(481)
tosicmp (icmp.o):
    vm.o                      vm.s(481)
    value.o                   value.s(227)
    chunk.o                   chunk.s(272)
    scanner.o                 scanner.s(911)
tosicmp0 (icmp.o):
    compiler.o                compiler.s(1090)
    debug.o                   debug.s(802)
    debug.o                   debug.s(802)
tosmoda0 (mod.o):
    vm.o                      vm.s(481)
tosmulax (mul.o):
    vm.o                      vm.s(481)
tossubax (sub.o):
    vm.o                      vm.s(481)
tosudivax (udiv.o):
    fwrite.o                  common/fwrite.s(12)
tosumulax (mul.o):
    fwrite.o                  common/fwrite.s(12)
udiv16 (udiv.o):
    shelp.o                   runtime/shelp.s(11)
unittab (filedes.o):
    read.o                    cbm/filedes.inc(8)
vsnprintf (vsnprintf.o):
    vsprintf.o                common/vsprintf.s(9)
zerobss (zerobss.o):
    crt0.o                    cx16/crt0.s(9)

